2026-04-02 00:37:11,715 - INFO - ============================================================
2026-04-02 00:37:11,725 - INFO - 程序开始运行
2026-04-02 00:37:11,725 - INFO - 日志文件: logs/extraction_20260402_003711.log
2026-04-02 00:37:11,725 - INFO - ============================================================
2026-04-02 00:37:11,725 - INFO - 读取提示词模板: prompt-templates.md
2026-04-02 00:37:11,725 - INFO - 提示词模板加载成功，长度: 10870 字符
2026-04-02 00:37:11,725 - INFO - 扫描文件夹: processed
2026-04-02 00:37:11,725 - INFO - 找到 36 个Markdown文件
2026-04-02 00:37:11,725 - INFO - 使用 25 个进程并发处理
2026-04-02 00:37:13,150 - INFO - 开始批量处理...
2026-04-02 00:45:04,022 - INFO - ============================================================
2026-04-02 00:45:04,022 - INFO - 处理完成汇总
2026-04-02 00:45:04,022 - INFO - ============================================================
2026-04-02 00:45:04,022 - INFO - 总文件数: 36
2026-04-02 00:45:04,022 - INFO - 成功: 36
2026-04-02 00:45:04,022 - INFO - 失败: 0
2026-04-02 00:45:04,022 - INFO - 总数据库插入数: 123
2026-04-02 00:45:04,022 - INFO - 总耗时: 470.87 秒
2026-04-02 00:45:04,022 - INFO - 平均每个文件耗时: 13.08 秒
2026-04-02 00:45:04,033 - INFO - 汇总结果已保存到: extraction_summary.json
2026-04-02 00:45:04,033 - INFO - 详细日志已保存到: logs/extraction_20260402_003711.log
2026-04-02 00:45:04,033 - INFO - 程序运行结束
