2026-04-01 23:41:01,727 - INFO - ============================================================
2026-04-01 23:41:01,727 - INFO - 程序开始运行
2026-04-01 23:41:01,727 - INFO - 日志文件: logs/extraction_20260401_234101.log
2026-04-01 23:41:01,727 - INFO - ============================================================
2026-04-01 23:41:01,727 - INFO - 读取提示词模板: prompt-templates.md
2026-04-01 23:41:01,727 - INFO - 提示词模板加载成功，长度: 6502 字符
2026-04-01 23:41:01,732 - INFO - 扫描文件夹: processed
2026-04-01 23:41:01,732 - INFO - 找到 36 个Markdown文件
2026-04-01 23:41:01,732 - INFO - 使用 20 个进程并发处理
2026-04-01 23:41:03,320 - INFO - 开始批量处理...
2026-04-01 23:45:50,419 - INFO - ============================================================
2026-04-01 23:45:50,419 - INFO - 处理完成汇总
2026-04-01 23:45:50,419 - INFO - ============================================================
2026-04-01 23:45:50,419 - INFO - 总文件数: 36
2026-04-01 23:45:50,422 - INFO - 成功: 36
2026-04-01 23:45:50,423 - INFO - 失败: 0
2026-04-01 23:45:50,423 - INFO - 总数据库插入数: 139
2026-04-01 23:45:50,423 - INFO - 总耗时: 287.09 秒
2026-04-01 23:45:50,423 - INFO - 平均每个文件耗时: 7.97 秒
2026-04-01 23:45:50,436 - INFO - 汇总结果已保存到: extraction_summary.json
2026-04-01 23:45:50,436 - INFO - 详细日志已保存到: logs/extraction_20260401_234101.log
2026-04-01 23:45:50,436 - INFO - 程序运行结束
