2026-03-18 22:04:03,517 - INFO - ============================================================
2026-03-18 22:04:03,517 - INFO - 🚀 开始处理，共 36 个PDF文件
2026-03-18 22:04:03,517 - INFO - 📁 输出目录: /root/TAIDIBEI_B/parsed_results
2026-03-18 22:04:03,517 - INFO - 📄 日志文件: /root/TAIDIBEI_B/logs/processing_20260318_220403.log
2026-03-18 22:04:03,517 - INFO - ============================================================
2026-03-18 22:04:03,517 - INFO - 
[1/36] 进度: 2.8%
2026-03-18 22:04:03,517 - INFO - 处理: 600080_20230428_FQ2V.pdf
2026-03-18 22:04:03,517 - INFO - 目标: /root/TAIDIBEI_B/parsed_results/reports-上交所
2026-03-18 22:04:47,894 - INFO -   📄 移动: 600080_20230428_FQ2V.md
2026-03-18 22:04:47,895 - INFO -   📊 移动: 600080_20230428_FQ2V_middle.json
2026-03-18 22:04:47,896 - INFO -   📊 移动: 600080_20230428_FQ2V_model.json
2026-03-18 22:04:47,896 - INFO -   📊 移动: 600080_20230428_FQ2V_content_list.json
2026-03-18 22:04:47,899 - INFO -   🖼️  移动图片: 0张
2026-03-18 22:04:47,900 - INFO -   🗑️ 清理临时目录: /tmp/magic-pdf/600080_20230428_FQ2V
2026-03-18 22:04:47,900 - INFO -   ✅ 完成: 600080_20230428_FQ2V
2026-03-18 22:04:47,900 - INFO - 
[2/36] 进度: 5.6%
2026-03-18 22:04:47,900 - INFO - 处理: 600080_20230428_MMWM.pdf
2026-03-18 22:04:47,900 - INFO - 目标: /root/TAIDIBEI_B/parsed_results/reports-上交所
