2026-03-27 10:34:32,232 - [MainThread] - INFO - ============================================================
2026-03-27 10:34:32,232 - [MainThread] - INFO - 🚀 开始并行处理，共 36 个PDF文件
2026-03-27 10:34:32,232 - [MainThread] - INFO - 📁 输出目录: /root/autodl-tmp/TAIDIBEI_B/parsed_results
2026-03-27 10:34:32,232 - [MainThread] - INFO - 📄 日志文件: /root/autodl-tmp/TAIDIBEI_B/logs/processing_20260327_103432.log
2026-03-27 10:34:32,232 - [MainThread] - INFO - ⚡ 并发数: 4
2026-03-27 10:34:32,232 - [MainThread] - INFO - 💻 CPU核心数: 128
2026-03-27 10:34:32,232 - [MainThread] - INFO - ============================================================
2026-03-27 10:34:32,234 - [ThreadPoolExecutor-0_1] - INFO - [ThreadPoolExecutor-0_1] 处理: 600080_20230428_MMWM.pdf
2026-03-27 10:34:32,234 - [ThreadPoolExecutor-0_0] - INFO - [ThreadPoolExecutor-0_0] 处理: 600080_20230428_FQ2V.pdf
2026-03-27 10:34:32,235 - [ThreadPoolExecutor-0_2] - INFO - [ThreadPoolExecutor-0_2] 处理: 600080_20230428_PCK7.pdf
2026-03-27 10:34:32,237 - [ThreadPoolExecutor-0_3] - INFO - [ThreadPoolExecutor-0_3] 处理: 600080_20230819_DNUE.pdf
2026-03-27 10:35:24,115 - [ThreadPoolExecutor-0_0] - ERROR - [ThreadPoolExecutor-0_0]   ❌ 处理失败: 600080_20230428_FQ2V.pdf
2026-03-27 10:35:24,116 - [ThreadPoolExecutor-0_0] - ERROR - [ThreadPoolExecutor-0_0]      错误: 2026-03-27 10:35:11.210 | WARNING  | magic_pdf.cli.magicpdf:get_model_json:312 - not found json /root/autodl-tmp/TAIDIBEI_B/data/raw/示例数据/附件2：财务报告/reports-上交所/600080_20230428_FQ2V.json existed
2026-03
2026-03-27 10:35:24,116 - [ThreadPoolExecutor-0_0] - INFO - [ThreadPoolExecutor-0_0] 处理: 600080_20230819_U8CH.pdf
2026-03-27 10:35:24,211 - [ThreadPoolExecutor-0_2] - ERROR - [ThreadPoolExecutor-0_2]   ❌ 处理失败: 600080_20230428_PCK7.pdf
2026-03-27 10:35:24,211 - [ThreadPoolExecutor-0_1] - ERROR - [ThreadPoolExecutor-0_1]   ❌ 处理失败: 600080_20230428_MMWM.pdf
2026-03-27 10:35:24,211 - [ThreadPoolExecutor-0_2] - ERROR - [ThreadPoolExecutor-0_2]      错误: 2026-03-27 10:35:11.015 | WARNING  | magic_pdf.cli.magicpdf:get_model_json:312 - not found json /root/autodl-tmp/TAIDIBEI_B/data/raw/示例数据/附件2：财务报告/reports-上交所/600080_20230428_PCK7.json existed
2026-03
2026-03-27 10:35:24,212 - [ThreadPoolExecutor-0_1] - ERROR - [ThreadPoolExecutor-0_1]      错误: 2026-03-27 10:35:12.117 | WARNING  | magic_pdf.cli.magicpdf:get_model_json:312 - not found json /root/autodl-tmp/TAIDIBEI_B/data/raw/示例数据/附件2：财务报告/reports-上交所/600080_20230428_MMWM.json existed
2026-03
2026-03-27 10:35:24,212 - [ThreadPoolExecutor-0_2] - INFO - [ThreadPoolExecutor-0_2] 处理: 600080_20231028_F42E.pdf
2026-03-27 10:35:24,213 - [ThreadPoolExecutor-0_1] - INFO - [ThreadPoolExecutor-0_1] 处理: 600080_20240427_0WKP.pdf
2026-03-27 10:35:24,409 - [ThreadPoolExecutor-0_3] - ERROR - [ThreadPoolExecutor-0_3]   ❌ 处理失败: 600080_20230819_DNUE.pdf
2026-03-27 10:35:24,409 - [ThreadPoolExecutor-0_3] - ERROR - [ThreadPoolExecutor-0_3]      错误: 2026-03-27 10:34:50.607 | WARNING  | magic_pdf.cli.magicpdf:get_model_json:312 - not found json /root/autodl-tmp/TAIDIBEI_B/data/raw/示例数据/附件2：财务报告/reports-上交所/600080_20230819_DNUE.json existed
2026-03
2026-03-27 10:35:24,410 - [ThreadPoolExecutor-0_3] - INFO - [ThreadPoolExecutor-0_3] 处理: 600080_20240427_IBMB.pdf
