2026-03-18 22:07:30,978 - INFO - ============================================================
2026-03-18 22:07:30,978 - INFO - 🚀 开始处理，共 36 个PDF文件
2026-03-18 22:07:30,978 - INFO - 📁 输出目录: /root/TAIDIBEI_B/parsed_results
2026-03-18 22:07:30,978 - INFO - 📄 日志文件: /root/TAIDIBEI_B/logs/processing_20260318_220730.log
2026-03-18 22:07:30,978 - INFO - ============================================================
2026-03-18 22:07:30,978 - INFO - 
[1/36] 进度: 2.8%
2026-03-18 22:07:30,978 - INFO - 处理: 600080_20230428_FQ2V.pdf
2026-03-18 22:07:30,978 - INFO - 目标: /root/TAIDIBEI_B/parsed_results/reports-上交所
2026-03-18 22:08:15,553 - INFO -   📄 移动: 600080_20230428_FQ2V.md
2026-03-18 22:08:15,554 - INFO -   📊 移动: 600080_20230428_FQ2V_middle.json
2026-03-18 22:08:15,555 - INFO -   📊 移动: 600080_20230428_FQ2V_model.json
2026-03-18 22:08:15,555 - INFO -   📊 移动: 600080_20230428_FQ2V_content_list.json
2026-03-18 22:08:15,558 - INFO -   🖼️  移动图片: 9张
2026-03-18 22:08:15,559 - INFO -   🗑️ 清理临时目录: /tmp/magic-pdf/600080_20230428_FQ2V
2026-03-18 22:08:15,559 - INFO -   ✅ 完成: 600080_20230428_FQ2V
2026-03-18 22:08:15,560 - INFO - 
[2/36] 进度: 5.6%
2026-03-18 22:08:15,560 - INFO - 处理: 600080_20230428_MMWM.pdf
2026-03-18 22:08:15,560 - INFO - 目标: /root/TAIDIBEI_B/parsed_results/reports-上交所
2026-03-18 22:11:59,041 - INFO -   📄 移动: 600080_20230428_MMWM.md
2026-03-18 22:11:59,041 - INFO -   📊 移动: 600080_20230428_MMWM_middle.json
2026-03-18 22:11:59,042 - INFO -   📊 移动: 600080_20230428_MMWM_model.json
2026-03-18 22:11:59,042 - INFO -   📊 移动: 600080_20230428_MMWM_content_list.json
2026-03-18 22:11:59,056 - INFO -   🖼️  移动图片: 286张
2026-03-18 22:11:59,058 - INFO -   🗑️ 清理临时目录: /tmp/magic-pdf/600080_20230428_MMWM
2026-03-18 22:11:59,058 - INFO -   ✅ 完成: 600080_20230428_MMWM
2026-03-18 22:11:59,058 - INFO - 
[3/36] 进度: 8.3%
2026-03-18 22:11:59,059 - INFO - 处理: 600080_20230428_PCK7.pdf
2026-03-18 22:11:59,059 - INFO - 目标: /root/TAIDIBEI_B/parsed_results/reports-上交所
2026-03-18 22:12:45,458 - INFO -   📄 移动: 600080_20230428_PCK7.md
2026-03-18 22:12:45,459 - INFO -   📊 移动: 600080_20230428_PCK7_middle.json
2026-03-18 22:12:45,459 - INFO -   📊 移动: 600080_20230428_PCK7_model.json
2026-03-18 22:12:45,459 - INFO -   📊 移动: 600080_20230428_PCK7_content_list.json
2026-03-18 22:12:45,460 - INFO -   🖼️  移动图片: 16张
2026-03-18 22:12:45,461 - INFO -   🗑️ 清理临时目录: /tmp/magic-pdf/600080_20230428_PCK7
2026-03-18 22:12:45,461 - INFO -   ✅ 完成: 600080_20230428_PCK7
2026-03-18 22:12:45,462 - INFO - 
[4/36] 进度: 11.1%
2026-03-18 22:12:45,462 - INFO - 处理: 600080_20230819_DNUE.pdf
2026-03-18 22:12:45,462 - INFO - 目标: /root/TAIDIBEI_B/parsed_results/reports-上交所
2026-03-18 22:13:26,283 - INFO -   📄 移动: 600080_20230819_DNUE.md
2026-03-18 22:13:26,284 - INFO -   📊 移动: 600080_20230819_DNUE_middle.json
2026-03-18 22:13:26,284 - INFO -   📊 移动: 600080_20230819_DNUE_model.json
2026-03-18 22:13:26,284 - INFO -   📊 移动: 600080_20230819_DNUE_content_list.json
2026-03-18 22:13:26,285 - INFO -   🖼️  移动图片: 5张
2026-03-18 22:13:26,286 - INFO -   🗑️ 清理临时目录: /tmp/magic-pdf/600080_20230819_DNUE
2026-03-18 22:13:26,286 - INFO -   ✅ 完成: 600080_20230819_DNUE
2026-03-18 22:13:26,286 - INFO - 
[5/36] 进度: 13.9%
2026-03-18 22:13:26,287 - INFO - 处理: 600080_20230819_U8CH.pdf
2026-03-18 22:13:26,287 - INFO - 目标: /root/TAIDIBEI_B/parsed_results/reports-上交所
2026-03-18 22:16:11,493 - INFO -   📄 移动: 600080_20230819_U8CH.md
2026-03-18 22:16:11,494 - INFO -   📊 移动: 600080_20230819_U8CH_middle.json
2026-03-18 22:16:11,494 - INFO -   📊 移动: 600080_20230819_U8CH_model.json
2026-03-18 22:16:11,494 - INFO -   📊 移动: 600080_20230819_U8CH_content_list.json
2026-03-18 22:16:11,503 - INFO -   🖼️  移动图片: 200张
2026-03-18 22:16:11,505 - INFO -   🗑️ 清理临时目录: /tmp/magic-pdf/600080_20230819_U8CH
2026-03-18 22:16:11,506 - INFO -   ✅ 完成: 600080_20230819_U8CH
2026-03-18 22:16:11,506 - INFO - ⏸️  已处理 5 个，休息3秒...
2026-03-18 22:16:14,509 - INFO - 
[6/36] 进度: 16.7%
2026-03-18 22:16:14,509 - INFO - 处理: 600080_20231028_F42E.pdf
2026-03-18 22:16:14,510 - INFO - 目标: /root/TAIDIBEI_B/parsed_results/reports-上交所
2026-03-18 22:17:02,657 - INFO -   📄 移动: 600080_20231028_F42E.md
2026-03-18 22:17:02,658 - INFO -   📊 移动: 600080_20231028_F42E_middle.json
2026-03-18 22:17:02,658 - INFO -   📊 移动: 600080_20231028_F42E_model.json
2026-03-18 22:17:02,658 - INFO -   📊 移动: 600080_20231028_F42E_content_list.json
2026-03-18 22:17:02,660 - INFO -   🖼️  移动图片: 15张
2026-03-18 22:17:02,662 - INFO -   🗑️ 清理临时目录: /tmp/magic-pdf/600080_20231028_F42E
2026-03-18 22:17:02,662 - INFO -   ✅ 完成: 600080_20231028_F42E
2026-03-18 22:17:02,662 - INFO - 
[7/36] 进度: 19.4%
2026-03-18 22:17:02,662 - INFO - 处理: 600080_20240427_0WKP.pdf
2026-03-18 22:17:02,662 - INFO - 目标: /root/TAIDIBEI_B/parsed_results/reports-上交所
2026-03-18 22:21:36,060 - INFO -   📄 移动: 600080_20240427_0WKP.md
2026-03-18 22:21:36,061 - INFO -   📊 移动: 600080_20240427_0WKP_middle.json
2026-03-18 22:21:36,061 - INFO -   📊 移动: 600080_20240427_0WKP_model.json
2026-03-18 22:21:36,061 - INFO -   📊 移动: 600080_20240427_0WKP_content_list.json
2026-03-18 22:21:36,076 - INFO -   🖼️  移动图片: 291张
2026-03-18 22:21:36,078 - INFO -   🗑️ 清理临时目录: /tmp/magic-pdf/600080_20240427_0WKP
2026-03-18 22:21:36,078 - INFO -   ✅ 完成: 600080_20240427_0WKP
2026-03-18 22:21:36,078 - INFO - 
[8/36] 进度: 22.2%
2026-03-18 22:21:36,079 - INFO - 处理: 600080_20240427_IBMB.pdf
2026-03-18 22:21:36,079 - INFO - 目标: /root/TAIDIBEI_B/parsed_results/reports-上交所
2026-03-18 22:22:23,227 - INFO -   📄 移动: 600080_20240427_IBMB.md
2026-03-18 22:22:23,227 - INFO -   📊 移动: 600080_20240427_IBMB_middle.json
2026-03-18 22:22:23,228 - INFO -   📊 移动: 600080_20240427_IBMB_model.json
2026-03-18 22:22:23,228 - INFO -   📊 移动: 600080_20240427_IBMB_content_list.json
2026-03-18 22:22:23,230 - INFO -   🖼️  移动图片: 15张
2026-03-18 22:22:23,231 - INFO -   🗑️ 清理临时目录: /tmp/magic-pdf/600080_20240427_IBMB
2026-03-18 22:22:23,231 - INFO -   ✅ 完成: 600080_20240427_IBMB
2026-03-18 22:22:23,231 - INFO - 
[9/36] 进度: 25.0%
2026-03-18 22:22:23,231 - INFO - 处理: 600080_20240427_W39O.pdf
2026-03-18 22:22:23,231 - INFO - 目标: /root/TAIDIBEI_B/parsed_results/reports-上交所
2026-03-18 22:23:06,647 - INFO -   📄 移动: 600080_20240427_W39O.md
2026-03-18 22:23:06,648 - INFO -   📊 移动: 600080_20240427_W39O_middle.json
2026-03-18 22:23:06,648 - INFO -   📊 移动: 600080_20240427_W39O_model.json
2026-03-18 22:23:06,648 - INFO -   📊 移动: 600080_20240427_W39O_content_list.json
2026-03-18 22:23:06,649 - INFO -   🖼️  移动图片: 9张
2026-03-18 22:23:06,650 - INFO -   🗑️ 清理临时目录: /tmp/magic-pdf/600080_20240427_W39O
2026-03-18 22:23:06,650 - INFO -   ✅ 完成: 600080_20240427_W39O
2026-03-18 22:23:06,650 - INFO - 
[10/36] 进度: 27.8%
2026-03-18 22:23:06,650 - INFO - 处理: 600080_20240817_5X5X.pdf
2026-03-18 22:23:06,650 - INFO - 目标: /root/TAIDIBEI_B/parsed_results/reports-上交所
2026-03-18 22:25:54,483 - INFO -   📄 移动: 600080_20240817_5X5X.md
2026-03-18 22:25:54,484 - INFO -   📊 移动: 600080_20240817_5X5X_middle.json
2026-03-18 22:25:54,484 - INFO -   📊 移动: 600080_20240817_5X5X_model.json
2026-03-18 22:25:54,484 - INFO -   📊 移动: 600080_20240817_5X5X_content_list.json
2026-03-18 22:25:54,498 - INFO -   🖼️  移动图片: 201张
2026-03-18 22:25:54,500 - INFO -   🗑️ 清理临时目录: /tmp/magic-pdf/600080_20240817_5X5X
2026-03-18 22:25:54,500 - INFO -   ✅ 完成: 600080_20240817_5X5X
2026-03-18 22:25:54,500 - INFO - ⏸️  已处理 10 个，休息3秒...
2026-03-18 22:25:57,502 - INFO - 
[11/36] 进度: 30.6%
2026-03-18 22:25:57,502 - INFO - 处理: 600080_20240817_6AW9.pdf
2026-03-18 22:25:57,502 - INFO - 目标: /root/TAIDIBEI_B/parsed_results/reports-上交所
2026-03-18 22:26:37,813 - INFO -   📄 移动: 600080_20240817_6AW9.md
2026-03-18 22:26:37,813 - INFO -   📊 移动: 600080_20240817_6AW9_middle.json
2026-03-18 22:26:37,813 - INFO -   📊 移动: 600080_20240817_6AW9_model.json
2026-03-18 22:26:37,814 - INFO -   📊 移动: 600080_20240817_6AW9_content_list.json
2026-03-18 22:26:37,814 - INFO -   🖼️  移动图片: 5张
2026-03-18 22:26:37,815 - INFO -   🗑️ 清理临时目录: /tmp/magic-pdf/600080_20240817_6AW9
2026-03-18 22:26:37,816 - INFO -   ✅ 完成: 600080_20240817_6AW9
2026-03-18 22:26:37,816 - INFO - 
[12/36] 进度: 33.3%
2026-03-18 22:26:37,816 - INFO - 处理: 600080_20241030_XN72.pdf
2026-03-18 22:26:37,816 - INFO - 目标: /root/TAIDIBEI_B/parsed_results/reports-上交所
2026-03-18 22:27:23,747 - INFO -   📄 移动: 600080_20241030_XN72.md
2026-03-18 22:27:23,747 - INFO -   📊 移动: 600080_20241030_XN72_middle.json
2026-03-18 22:27:23,747 - INFO -   📊 移动: 600080_20241030_XN72_model.json
2026-03-18 22:27:23,748 - INFO -   📊 移动: 600080_20241030_XN72_content_list.json
2026-03-18 22:27:23,750 - INFO -   🖼️  移动图片: 14张
2026-03-18 22:27:23,751 - INFO -   🗑️ 清理临时目录: /tmp/magic-pdf/600080_20241030_XN72
2026-03-18 22:27:23,751 - INFO -   ✅ 完成: 600080_20241030_XN72
2026-03-18 22:27:23,751 - INFO - 
[13/36] 进度: 36.1%
2026-03-18 22:27:23,752 - INFO - 处理: 600080_20250425_6GSD.pdf
2026-03-18 22:27:23,752 - INFO - 目标: /root/TAIDIBEI_B/parsed_results/reports-上交所
2026-03-18 22:28:09,798 - INFO -   📄 移动: 600080_20250425_6GSD.md
2026-03-18 22:28:09,799 - INFO -   📊 移动: 600080_20250425_6GSD_middle.json
2026-03-18 22:28:09,799 - INFO -   📊 移动: 600080_20250425_6GSD_model.json
2026-03-18 22:28:09,799 - INFO -   📊 移动: 600080_20250425_6GSD_content_list.json
2026-03-18 22:28:09,800 - INFO -   🖼️  移动图片: 16张
2026-03-18 22:28:09,801 - INFO -   🗑️ 清理临时目录: /tmp/magic-pdf/600080_20250425_6GSD
2026-03-18 22:28:09,801 - INFO -   ✅ 完成: 600080_20250425_6GSD
2026-03-18 22:28:09,801 - INFO - 
[14/36] 进度: 38.9%
2026-03-18 22:28:09,801 - INFO - 处理: 600080_20250425_LXGH.pdf
2026-03-18 22:28:09,801 - INFO - 目标: /root/TAIDIBEI_B/parsed_results/reports-上交所
2026-03-18 22:32:11,280 - INFO -   📄 移动: 600080_20250425_LXGH.md
2026-03-18 22:32:11,280 - INFO -   📊 移动: 600080_20250425_LXGH_middle.json
2026-03-18 22:32:11,281 - INFO -   📊 移动: 600080_20250425_LXGH_model.json
2026-03-18 22:32:11,281 - INFO -   📊 移动: 600080_20250425_LXGH_content_list.json
2026-03-18 22:32:11,299 - INFO -   🖼️  移动图片: 301张
2026-03-18 22:32:11,300 - INFO -   🗑️ 清理临时目录: /tmp/magic-pdf/600080_20250425_LXGH
2026-03-18 22:32:11,300 - INFO -   ✅ 完成: 600080_20250425_LXGH
2026-03-18 22:32:11,300 - INFO - 
[15/36] 进度: 41.7%
2026-03-18 22:32:11,300 - INFO - 处理: 600080_20250425_P7ID.pdf
2026-03-18 22:32:11,300 - INFO - 目标: /root/TAIDIBEI_B/parsed_results/reports-上交所
2026-03-18 22:32:56,584 - INFO -   📄 移动: 600080_20250425_P7ID.md
2026-03-18 22:32:56,584 - INFO -   📊 移动: 600080_20250425_P7ID_middle.json
2026-03-18 22:32:56,585 - INFO -   📊 移动: 600080_20250425_P7ID_model.json
2026-03-18 22:32:56,585 - INFO -   📊 移动: 600080_20250425_P7ID_content_list.json
2026-03-18 22:32:56,586 - INFO -   🖼️  移动图片: 12张
2026-03-18 22:32:56,587 - INFO -   🗑️ 清理临时目录: /tmp/magic-pdf/600080_20250425_P7ID
2026-03-18 22:32:56,587 - INFO -   ✅ 完成: 600080_20250425_P7ID
2026-03-18 22:32:56,587 - INFO - ⏸️  已处理 15 个，休息3秒...
2026-03-18 22:32:59,590 - INFO - 
[16/36] 进度: 44.4%
2026-03-18 22:32:59,590 - INFO - 处理: 600080_20250822_ABVM.pdf
2026-03-18 22:32:59,591 - INFO - 目标: /root/TAIDIBEI_B/parsed_results/reports-上交所
2026-03-18 22:33:40,857 - INFO -   📄 移动: 600080_20250822_ABVM.md
2026-03-18 22:33:40,857 - INFO -   📊 移动: 600080_20250822_ABVM_middle.json
2026-03-18 22:33:40,857 - INFO -   📊 移动: 600080_20250822_ABVM_model.json
2026-03-18 22:33:40,857 - INFO -   📊 移动: 600080_20250822_ABVM_content_list.json
2026-03-18 22:33:40,858 - INFO -   🖼️  移动图片: 5张
2026-03-18 22:33:40,858 - INFO -   🗑️ 清理临时目录: /tmp/magic-pdf/600080_20250822_ABVM
2026-03-18 22:33:40,858 - INFO -   ✅ 完成: 600080_20250822_ABVM
2026-03-18 22:33:40,859 - INFO - 
[17/36] 进度: 47.2%
2026-03-18 22:33:40,859 - INFO - 处理: 600080_20250822_ODWZ.pdf
2026-03-18 22:33:40,859 - INFO - 目标: /root/TAIDIBEI_B/parsed_results/reports-上交所
2026-03-18 22:36:19,036 - INFO -   📄 移动: 600080_20250822_ODWZ.md
2026-03-18 22:36:19,036 - INFO -   📊 移动: 600080_20250822_ODWZ_middle.json
2026-03-18 22:36:19,037 - INFO -   📊 移动: 600080_20250822_ODWZ_model.json
2026-03-18 22:36:19,037 - INFO -   📊 移动: 600080_20250822_ODWZ_content_list.json
2026-03-18 22:36:19,051 - INFO -   🖼️  移动图片: 220张
2026-03-18 22:36:19,052 - INFO -   🗑️ 清理临时目录: /tmp/magic-pdf/600080_20250822_ODWZ
2026-03-18 22:36:19,052 - INFO -   ✅ 完成: 600080_20250822_ODWZ
2026-03-18 22:36:19,052 - INFO - 
[18/36] 进度: 50.0%
2026-03-18 22:36:19,052 - INFO - 处理: 600080_20251030_IVCB.pdf
2026-03-18 22:36:19,052 - INFO - 目标: /root/TAIDIBEI_B/parsed_results/reports-上交所
2026-03-18 22:37:02,939 - INFO -   📄 移动: 600080_20251030_IVCB.md
2026-03-18 22:37:02,940 - INFO -   📊 移动: 600080_20251030_IVCB_middle.json
2026-03-18 22:37:02,940 - INFO -   📊 移动: 600080_20251030_IVCB_model.json
2026-03-18 22:37:02,941 - INFO -   📊 移动: 600080_20251030_IVCB_content_list.json
2026-03-18 22:37:02,942 - INFO -   🖼️  移动图片: 16张
2026-03-18 22:37:02,943 - INFO -   🗑️ 清理临时目录: /tmp/magic-pdf/600080_20251030_IVCB
2026-03-18 22:37:02,944 - INFO -   ✅ 完成: 600080_20251030_IVCB
2026-03-18 22:37:02,944 - INFO - 
[19/36] 进度: 52.8%
2026-03-18 22:37:02,944 - INFO - 处理: 华润三九：2022年年度报告.pdf
2026-03-18 22:37:02,944 - INFO - 目标: /root/TAIDIBEI_B/parsed_results/reports-深交所
2026-03-18 22:42:17,587 - INFO -   📄 移动: 华润三九：2022年年度报告.md
2026-03-18 22:42:17,588 - INFO -   📊 移动: 华润三九：2022年年度报告_middle.json
2026-03-18 22:42:17,588 - INFO -   📊 移动: 华润三九：2022年年度报告_model.json
2026-03-18 22:42:17,588 - INFO -   📊 移动: 华润三九：2022年年度报告_content_list.json
2026-03-18 22:42:17,603 - INFO -   🖼️  移动图片: 297张
2026-03-18 22:42:17,608 - INFO -   🗑️ 清理临时目录: /tmp/magic-pdf/华润三九：2022年年度报告
2026-03-18 22:42:17,608 - INFO -   ✅ 完成: 华润三九：2022年年度报告
2026-03-18 22:42:17,608 - INFO - 
[20/36] 进度: 55.6%
2026-03-18 22:42:17,608 - INFO - 处理: 华润三九：2022年年度报告摘要.pdf
2026-03-18 22:42:17,608 - INFO - 目标: /root/TAIDIBEI_B/parsed_results/reports-深交所
2026-03-18 22:42:58,540 - INFO -   📄 移动: 华润三九：2022年年度报告摘要.md
2026-03-18 22:42:58,540 - INFO -   📊 移动: 华润三九：2022年年度报告摘要_middle.json
2026-03-18 22:42:58,541 - INFO -   📊 移动: 华润三九：2022年年度报告摘要_model.json
2026-03-18 22:42:58,541 - INFO -   📊 移动: 华润三九：2022年年度报告摘要_content_list.json
2026-03-18 22:42:58,542 - INFO -   🖼️  移动图片: 8张
2026-03-18 22:42:58,543 - INFO -   🗑️ 清理临时目录: /tmp/magic-pdf/华润三九：2022年年度报告摘要
2026-03-18 22:42:58,543 - INFO -   ✅ 完成: 华润三九：2022年年度报告摘要
2026-03-18 22:42:58,543 - INFO - ⏸️  已处理 20 个，休息3秒...
2026-03-18 22:43:01,546 - INFO - 
[21/36] 进度: 58.3%
2026-03-18 22:43:01,546 - INFO - 处理: 华润三九：2023年一季度报告.pdf
2026-03-18 22:43:01,546 - INFO - 目标: /root/TAIDIBEI_B/parsed_results/reports-深交所
2026-03-18 22:43:49,831 - INFO -   📄 移动: 华润三九：2023年一季度报告.md
2026-03-18 22:43:49,831 - INFO -   📊 移动: 华润三九：2023年一季度报告_middle.json
2026-03-18 22:43:49,831 - INFO -   📊 移动: 华润三九：2023年一季度报告_model.json
2026-03-18 22:43:49,832 - INFO -   📊 移动: 华润三九：2023年一季度报告_content_list.json
2026-03-18 22:43:49,833 - INFO -   🖼️  移动图片: 14张
2026-03-18 22:43:49,834 - INFO -   🗑️ 清理临时目录: /tmp/magic-pdf/华润三九：2023年一季度报告
2026-03-18 22:43:49,834 - INFO -   ✅ 完成: 华润三九：2023年一季度报告
2026-03-18 22:43:49,834 - INFO - 
[22/36] 进度: 61.1%
2026-03-18 22:43:49,835 - INFO - 处理: 华润三九：2023年三季度报告.pdf
2026-03-18 22:43:49,835 - INFO - 目标: /root/TAIDIBEI_B/parsed_results/reports-深交所
2026-03-18 22:44:36,443 - INFO -   📄 移动: 华润三九：2023年三季度报告.md
2026-03-18 22:44:36,444 - INFO -   📊 移动: 华润三九：2023年三季度报告_middle.json
2026-03-18 22:44:36,444 - INFO -   📊 移动: 华润三九：2023年三季度报告_model.json
2026-03-18 22:44:36,445 - INFO -   📊 移动: 华润三九：2023年三季度报告_content_list.json
2026-03-18 22:44:36,446 - INFO -   🖼️  移动图片: 15张
2026-03-18 22:44:36,448 - INFO -   🗑️ 清理临时目录: /tmp/magic-pdf/华润三九：2023年三季度报告
2026-03-18 22:44:36,448 - INFO -   ✅ 完成: 华润三九：2023年三季度报告
2026-03-18 22:44:36,448 - INFO - 
[23/36] 进度: 63.9%
2026-03-18 22:44:36,448 - INFO - 处理: 华润三九：2023年半年度报告.pdf
2026-03-18 22:44:36,449 - INFO - 目标: /root/TAIDIBEI_B/parsed_results/reports-深交所
2026-03-18 22:47:48,677 - INFO -   📄 移动: 华润三九：2023年半年度报告.md
2026-03-18 22:47:48,678 - INFO -   📊 移动: 华润三九：2023年半年度报告_middle.json
2026-03-18 22:47:48,678 - INFO -   📊 移动: 华润三九：2023年半年度报告_model.json
2026-03-18 22:47:48,678 - INFO -   📊 移动: 华润三九：2023年半年度报告_content_list.json
2026-03-18 22:47:48,692 - INFO -   🖼️  移动图片: 258张
2026-03-18 22:47:48,695 - INFO -   🗑️ 清理临时目录: /tmp/magic-pdf/华润三九：2023年半年度报告
2026-03-18 22:47:48,695 - INFO -   ✅ 完成: 华润三九：2023年半年度报告
2026-03-18 22:47:48,695 - INFO - 
[24/36] 进度: 66.7%
2026-03-18 22:47:48,695 - INFO - 处理: 华润三九：2023年半年度报告摘要.pdf
2026-03-18 22:47:48,695 - INFO - 目标: /root/TAIDIBEI_B/parsed_results/reports-深交所
2026-03-18 22:48:25,997 - INFO -   📄 移动: 华润三九：2023年半年度报告摘要.md
2026-03-18 22:48:25,997 - INFO -   📊 移动: 华润三九：2023年半年度报告摘要_middle.json
2026-03-18 22:48:25,998 - INFO -   📊 移动: 华润三九：2023年半年度报告摘要_model.json
2026-03-18 22:48:25,998 - INFO -   📊 移动: 华润三九：2023年半年度报告摘要_content_list.json
2026-03-18 22:48:25,999 - INFO -   🖼️  移动图片: 4张
2026-03-18 22:48:26,000 - INFO -   🗑️ 清理临时目录: /tmp/magic-pdf/华润三九：2023年半年度报告摘要
2026-03-18 22:48:26,000 - INFO -   ✅ 完成: 华润三九：2023年半年度报告摘要
2026-03-18 22:48:26,000 - INFO - 
[25/36] 进度: 69.4%
2026-03-18 22:48:26,000 - INFO - 处理: 华润三九：2023年年度报告.pdf
2026-03-18 22:48:26,001 - INFO - 目标: /root/TAIDIBEI_B/parsed_results/reports-深交所
2026-03-18 22:53:14,230 - INFO -   📄 移动: 华润三九：2023年年度报告.md
2026-03-18 22:53:14,231 - INFO -   📊 移动: 华润三九：2023年年度报告_middle.json
2026-03-18 22:53:14,231 - INFO -   📊 移动: 华润三九：2023年年度报告_model.json
2026-03-18 22:53:14,231 - INFO -   📊 移动: 华润三九：2023年年度报告_content_list.json
2026-03-18 22:53:14,254 - INFO -   🖼️  移动图片: 454张
2026-03-18 22:53:14,258 - INFO -   🗑️ 清理临时目录: /tmp/magic-pdf/华润三九：2023年年度报告
2026-03-18 22:53:14,258 - INFO -   ✅ 完成: 华润三九：2023年年度报告
2026-03-18 22:53:14,258 - INFO - ⏸️  已处理 25 个，休息3秒...
2026-03-18 22:53:17,261 - INFO - 
[26/36] 进度: 72.2%
2026-03-18 22:53:17,262 - INFO - 处理: 华润三九：2023年年度报告摘要.pdf
2026-03-18 22:53:17,262 - INFO - 目标: /root/TAIDIBEI_B/parsed_results/reports-深交所
2026-03-18 22:53:58,621 - INFO -   📄 移动: 华润三九：2023年年度报告摘要.md
2026-03-18 22:53:58,622 - INFO -   📊 移动: 华润三九：2023年年度报告摘要_middle.json
2026-03-18 22:53:58,622 - INFO -   📊 移动: 华润三九：2023年年度报告摘要_model.json
2026-03-18 22:53:58,622 - INFO -   📊 移动: 华润三九：2023年年度报告摘要_content_list.json
2026-03-18 22:53:58,623 - INFO -   🖼️  移动图片: 9张
2026-03-18 22:53:58,625 - INFO -   🗑️ 清理临时目录: /tmp/magic-pdf/华润三九：2023年年度报告摘要
2026-03-18 22:53:58,625 - INFO -   ✅ 完成: 华润三九：2023年年度报告摘要
2026-03-18 22:53:58,625 - INFO - 
[27/36] 进度: 75.0%
2026-03-18 22:53:58,625 - INFO - 处理: 华润三九：2024年一季度报告.pdf
2026-03-18 22:53:58,625 - INFO - 目标: /root/TAIDIBEI_B/parsed_results/reports-深交所
2026-03-18 22:54:44,092 - INFO -   📄 移动: 华润三九：2024年一季度报告.md
2026-03-18 22:54:44,093 - INFO -   📊 移动: 华润三九：2024年一季度报告_middle.json
2026-03-18 22:54:44,093 - INFO -   📊 移动: 华润三九：2024年一季度报告_model.json
2026-03-18 22:54:44,094 - INFO -   📊 移动: 华润三九：2024年一季度报告_content_list.json
2026-03-18 22:54:44,096 - INFO -   🖼️  移动图片: 16张
2026-03-18 22:54:44,098 - INFO -   🗑️ 清理临时目录: /tmp/magic-pdf/华润三九：2024年一季度报告
2026-03-18 22:54:44,098 - INFO -   ✅ 完成: 华润三九：2024年一季度报告
2026-03-18 22:54:44,098 - INFO - 
[28/36] 进度: 77.8%
2026-03-18 22:54:44,098 - INFO - 处理: 华润三九：2024年三季度报告.pdf
2026-03-18 22:54:44,099 - INFO - 目标: /root/TAIDIBEI_B/parsed_results/reports-深交所
2026-03-18 22:55:31,660 - INFO -   📄 移动: 华润三九：2024年三季度报告.md
2026-03-18 22:55:31,660 - INFO -   📊 移动: 华润三九：2024年三季度报告_middle.json
2026-03-18 22:55:31,660 - INFO -   📊 移动: 华润三九：2024年三季度报告_model.json
2026-03-18 22:55:31,661 - INFO -   📊 移动: 华润三九：2024年三季度报告_content_list.json
2026-03-18 22:55:31,662 - INFO -   🖼️  移动图片: 15张
2026-03-18 22:55:31,663 - INFO -   🗑️ 清理临时目录: /tmp/magic-pdf/华润三九：2024年三季度报告
2026-03-18 22:55:31,664 - INFO -   ✅ 完成: 华润三九：2024年三季度报告
2026-03-18 22:55:31,664 - INFO - 
[29/36] 进度: 80.6%
2026-03-18 22:55:31,664 - INFO - 处理: 华润三九：2024年半年度报告.pdf
2026-03-18 22:55:31,664 - INFO - 目标: /root/TAIDIBEI_B/parsed_results/reports-深交所
2026-03-18 22:59:08,564 - INFO -   📄 移动: 华润三九：2024年半年度报告.md
2026-03-18 22:59:08,565 - INFO -   📊 移动: 华润三九：2024年半年度报告_middle.json
2026-03-18 22:59:08,565 - INFO -   📊 移动: 华润三九：2024年半年度报告_model.json
2026-03-18 22:59:08,565 - INFO -   📊 移动: 华润三九：2024年半年度报告_content_list.json
2026-03-18 22:59:08,583 - INFO -   🖼️  移动图片: 282张
2026-03-18 22:59:08,586 - INFO -   🗑️ 清理临时目录: /tmp/magic-pdf/华润三九：2024年半年度报告
2026-03-18 22:59:08,586 - INFO -   ✅ 完成: 华润三九：2024年半年度报告
2026-03-18 22:59:08,586 - INFO - 
[30/36] 进度: 83.3%
2026-03-18 22:59:08,586 - INFO - 处理: 华润三九：2024年半年度报告摘要.pdf
2026-03-18 22:59:08,586 - INFO - 目标: /root/TAIDIBEI_B/parsed_results/reports-深交所
2026-03-18 22:59:47,177 - INFO -   📄 移动: 华润三九：2024年半年度报告摘要.md
2026-03-18 22:59:47,177 - INFO -   📊 移动: 华润三九：2024年半年度报告摘要_middle.json
2026-03-18 22:59:47,178 - INFO -   📊 移动: 华润三九：2024年半年度报告摘要_model.json
2026-03-18 22:59:47,178 - INFO -   📊 移动: 华润三九：2024年半年度报告摘要_content_list.json
2026-03-18 22:59:47,179 - INFO -   🖼️  移动图片: 6张
2026-03-18 22:59:47,179 - INFO -   🗑️ 清理临时目录: /tmp/magic-pdf/华润三九：2024年半年度报告摘要
2026-03-18 22:59:47,180 - INFO -   ✅ 完成: 华润三九：2024年半年度报告摘要
2026-03-18 22:59:47,180 - INFO - ⏸️  已处理 30 个，休息3秒...
2026-03-18 22:59:50,183 - INFO - 
[31/36] 进度: 86.1%
2026-03-18 22:59:50,183 - INFO - 处理: 华润三九：2024年年度报告.pdf
2026-03-18 22:59:50,184 - INFO - 目标: /root/TAIDIBEI_B/parsed_results/reports-深交所
2026-03-18 23:04:55,624 - INFO -   📄 移动: 华润三九：2024年年度报告.md
2026-03-18 23:04:55,624 - INFO -   📊 移动: 华润三九：2024年年度报告_middle.json
2026-03-18 23:04:55,625 - INFO -   📊 移动: 华润三九：2024年年度报告_model.json
2026-03-18 23:04:55,625 - INFO -   📊 移动: 华润三九：2024年年度报告_content_list.json
2026-03-18 23:04:55,656 - INFO -   🖼️  移动图片: 458张
2026-03-18 23:04:55,662 - INFO -   🗑️ 清理临时目录: /tmp/magic-pdf/华润三九：2024年年度报告
2026-03-18 23:04:55,662 - INFO -   ✅ 完成: 华润三九：2024年年度报告
2026-03-18 23:04:55,662 - INFO - 
[32/36] 进度: 88.9%
2026-03-18 23:04:55,662 - INFO - 处理: 华润三九：2024年年度报告摘要.pdf
2026-03-18 23:04:55,662 - INFO - 目标: /root/TAIDIBEI_B/parsed_results/reports-深交所
2026-03-18 23:05:35,801 - INFO -   📄 移动: 华润三九：2024年年度报告摘要.md
2026-03-18 23:05:35,802 - INFO -   📊 移动: 华润三九：2024年年度报告摘要_middle.json
2026-03-18 23:05:35,802 - INFO -   📊 移动: 华润三九：2024年年度报告摘要_model.json
2026-03-18 23:05:35,803 - INFO -   📊 移动: 华润三九：2024年年度报告摘要_content_list.json
2026-03-18 23:05:35,804 - INFO -   🖼️  移动图片: 6张
2026-03-18 23:05:35,805 - INFO -   🗑️ 清理临时目录: /tmp/magic-pdf/华润三九：2024年年度报告摘要
2026-03-18 23:05:35,805 - INFO -   ✅ 完成: 华润三九：2024年年度报告摘要
2026-03-18 23:05:35,805 - INFO - 
[33/36] 进度: 91.7%
2026-03-18 23:05:35,805 - INFO - 处理: 华润三九：2025年一季度报告.pdf
2026-03-18 23:05:35,806 - INFO - 目标: /root/TAIDIBEI_B/parsed_results/reports-深交所
2026-03-18 23:06:21,196 - INFO -   📄 移动: 华润三九：2025年一季度报告.md
2026-03-18 23:06:21,196 - INFO -   📊 移动: 华润三九：2025年一季度报告_middle.json
2026-03-18 23:06:21,197 - INFO -   📊 移动: 华润三九：2025年一季度报告_model.json
2026-03-18 23:06:21,197 - INFO -   📊 移动: 华润三九：2025年一季度报告_content_list.json
2026-03-18 23:06:21,198 - INFO -   🖼️  移动图片: 14张
2026-03-18 23:06:21,200 - INFO -   🗑️ 清理临时目录: /tmp/magic-pdf/华润三九：2025年一季度报告
2026-03-18 23:06:21,200 - INFO -   ✅ 完成: 华润三九：2025年一季度报告
2026-03-18 23:06:21,200 - INFO - 
[34/36] 进度: 94.4%
2026-03-18 23:06:21,200 - INFO - 处理: 华润三九：2025年三季度报告.pdf
2026-03-18 23:06:21,200 - INFO - 目标: /root/TAIDIBEI_B/parsed_results/reports-深交所
2026-03-18 23:07:08,760 - INFO -   📄 移动: 华润三九：2025年三季度报告.md
2026-03-18 23:07:08,761 - INFO -   📊 移动: 华润三九：2025年三季度报告_middle.json
2026-03-18 23:07:08,761 - INFO -   📊 移动: 华润三九：2025年三季度报告_model.json
2026-03-18 23:07:08,761 - INFO -   📊 移动: 华润三九：2025年三季度报告_content_list.json
2026-03-18 23:07:08,763 - INFO -   🖼️  移动图片: 15张
2026-03-18 23:07:08,765 - INFO -   🗑️ 清理临时目录: /tmp/magic-pdf/华润三九：2025年三季度报告
2026-03-18 23:07:08,765 - INFO -   ✅ 完成: 华润三九：2025年三季度报告
2026-03-18 23:07:08,765 - INFO - 
[35/36] 进度: 97.2%
2026-03-18 23:07:08,765 - INFO - 处理: 华润三九：2025年半年度报告.pdf
2026-03-18 23:07:08,765 - INFO - 目标: /root/TAIDIBEI_B/parsed_results/reports-深交所
2026-03-18 23:11:30,333 - INFO -   📄 移动: 华润三九：2025年半年度报告.md
2026-03-18 23:11:30,334 - INFO -   📊 移动: 华润三九：2025年半年度报告_middle.json
2026-03-18 23:11:30,334 - INFO -   📊 移动: 华润三九：2025年半年度报告_model.json
2026-03-18 23:11:30,334 - INFO -   📊 移动: 华润三九：2025年半年度报告_content_list.json
2026-03-18 23:11:30,350 - INFO -   🖼️  移动图片: 336张
2026-03-18 23:11:30,354 - INFO -   🗑️ 清理临时目录: /tmp/magic-pdf/华润三九：2025年半年度报告
2026-03-18 23:11:30,354 - INFO -   ✅ 完成: 华润三九：2025年半年度报告
2026-03-18 23:11:30,354 - INFO - ⏸️  已处理 35 个，休息3秒...
2026-03-18 23:11:33,357 - INFO - 
[36/36] 进度: 100.0%
2026-03-18 23:11:33,358 - INFO - 处理: 华润三九：2025年半年度报告摘要.pdf
2026-03-18 23:11:33,358 - INFO - 目标: /root/TAIDIBEI_B/parsed_results/reports-深交所
2026-03-18 23:12:11,520 - INFO -   📄 移动: 华润三九：2025年半年度报告摘要.md
2026-03-18 23:12:11,521 - INFO -   📊 移动: 华润三九：2025年半年度报告摘要_middle.json
2026-03-18 23:12:11,521 - INFO -   📊 移动: 华润三九：2025年半年度报告摘要_model.json
2026-03-18 23:12:11,521 - INFO -   📊 移动: 华润三九：2025年半年度报告摘要_content_list.json
2026-03-18 23:12:11,522 - INFO -   🖼️  移动图片: 4张
2026-03-18 23:12:11,523 - INFO -   🗑️ 清理临时目录: /tmp/magic-pdf/华润三九：2025年半年度报告摘要
2026-03-18 23:12:11,523 - INFO -   ✅ 完成: 华润三九：2025年半年度报告摘要
2026-03-18 23:12:11,523 - INFO - 
============================================================
2026-03-18 23:12:11,524 - INFO - ✅ 全部处理完成！
2026-03-18 23:12:11,524 - INFO - 📊 统计:
2026-03-18 23:12:11,524 - INFO -    总文件: 36
2026-03-18 23:12:11,524 - INFO -    成功: 36
2026-03-18 23:12:11,524 - INFO -    失败: 0
2026-03-18 23:12:11,524 - INFO -    用时: 1小时4分钟40秒
2026-03-18 23:12:11,524 - INFO - 📁 结果目录: /root/TAIDIBEI_B/parsed_results
2026-03-18 23:12:11,524 - INFO - 📄 日志文件: /root/TAIDIBEI_B/logs/processing_20260318_220730.log
2026-03-18 23:12:11,525 - INFO - ============================================================
