2026-03-27 11:31:13,752 - [MainThread] - INFO - ============================================================
2026-03-27 11:31:13,752 - [MainThread] - INFO - 🚀 开始并行处理，共 37 个PDF文件
2026-03-27 11:31:13,752 - [MainThread] - INFO - 📁 输出目录: /root/autodl-tmp/TAIDIBEI_B/parsed_results
2026-03-27 11:31:13,752 - [MainThread] - INFO - 📄 日志文件: /root/autodl-tmp/TAIDIBEI_B/logs/processing_20260327_113113.log
2026-03-27 11:31:13,752 - [MainThread] - INFO - ⚡ 并发数: 4
2026-03-27 11:31:13,753 - [MainThread] - INFO - 💻 CPU核心数: 128
2026-03-27 11:31:13,753 - [MainThread] - INFO - 🔧 OpenMP线程限制: 2
2026-03-27 11:31:13,753 - [MainThread] - INFO - ============================================================
2026-03-27 11:31:13,754 - [ThreadPoolExecutor-0_0] - INFO - [ThreadPoolExecutor-0_0] 处理: 600080_20230428_FQ2V.pdf
2026-03-27 11:31:13,755 - [ThreadPoolExecutor-0_1] - INFO - [ThreadPoolExecutor-0_1] 处理: 600080_20230428_MMWM.pdf
2026-03-27 11:31:13,758 - [ThreadPoolExecutor-0_2] - INFO - [ThreadPoolExecutor-0_2] 处理: 600080_20230428_PCK7.pdf
2026-03-27 11:31:13,759 - [ThreadPoolExecutor-0_3] - INFO - [ThreadPoolExecutor-0_3] 处理: 600080_20230819_DNUE.pdf
2026-03-27 11:31:58,790 - [ThreadPoolExecutor-0_3] - INFO - [ThreadPoolExecutor-0_3]   📄 移动: 600080_20230819_DNUE.md
2026-03-27 11:31:58,793 - [ThreadPoolExecutor-0_3] - INFO - [ThreadPoolExecutor-0_3]   📊 移动: 600080_20230819_DNUE_middle.json
2026-03-27 11:31:58,794 - [ThreadPoolExecutor-0_3] - INFO - [ThreadPoolExecutor-0_3]   📊 移动: 600080_20230819_DNUE_model.json
2026-03-27 11:31:58,794 - [ThreadPoolExecutor-0_3] - INFO - [ThreadPoolExecutor-0_3]   📊 移动: 600080_20230819_DNUE_content_list.json
2026-03-27 11:31:58,800 - [ThreadPoolExecutor-0_3] - INFO - [ThreadPoolExecutor-0_3]   🖼️  移动图片: 5张
2026-03-27 11:31:58,801 - [ThreadPoolExecutor-0_3] - INFO - [ThreadPoolExecutor-0_3]   ✅ 完成: 600080_20230819_DNUE
2026-03-27 11:31:58,802 - [ThreadPoolExecutor-0_3] - INFO - [ThreadPoolExecutor-0_3] 处理: 600080_20230819_U8CH.pdf
2026-03-27 11:32:07,781 - [ThreadPoolExecutor-0_0] - INFO - [ThreadPoolExecutor-0_0]   📄 移动: 600080_20230428_FQ2V.md
2026-03-27 11:32:07,784 - [ThreadPoolExecutor-0_0] - INFO - [ThreadPoolExecutor-0_0]   📊 移动: 600080_20230428_FQ2V_middle.json
2026-03-27 11:32:07,785 - [ThreadPoolExecutor-0_0] - INFO - [ThreadPoolExecutor-0_0]   📊 移动: 600080_20230428_FQ2V_model.json
2026-03-27 11:32:07,786 - [ThreadPoolExecutor-0_0] - INFO - [ThreadPoolExecutor-0_0]   📊 移动: 600080_20230428_FQ2V_content_list.json
2026-03-27 11:32:07,794 - [ThreadPoolExecutor-0_0] - INFO - [ThreadPoolExecutor-0_0]   🖼️  移动图片: 9张
2026-03-27 11:32:07,795 - [ThreadPoolExecutor-0_0] - INFO - [ThreadPoolExecutor-0_0]   ✅ 完成: 600080_20230428_FQ2V
2026-03-27 11:32:07,796 - [ThreadPoolExecutor-0_0] - INFO - [ThreadPoolExecutor-0_0] 处理: 600080_20231028_F42E.pdf
2026-03-27 11:32:08,807 - [ThreadPoolExecutor-0_2] - INFO - [ThreadPoolExecutor-0_2]   📄 移动: 600080_20230428_PCK7.md
2026-03-27 11:32:08,810 - [ThreadPoolExecutor-0_2] - INFO - [ThreadPoolExecutor-0_2]   📊 移动: 600080_20230428_PCK7_middle.json
2026-03-27 11:32:08,811 - [ThreadPoolExecutor-0_2] - INFO - [ThreadPoolExecutor-0_2]   📊 移动: 600080_20230428_PCK7_model.json
2026-03-27 11:32:08,812 - [ThreadPoolExecutor-0_2] - INFO - [ThreadPoolExecutor-0_2]   📊 移动: 600080_20230428_PCK7_content_list.json
2026-03-27 11:32:08,831 - [ThreadPoolExecutor-0_2] - INFO - [ThreadPoolExecutor-0_2]   🖼️  移动图片: 16张
2026-03-27 11:32:08,832 - [ThreadPoolExecutor-0_2] - INFO - [ThreadPoolExecutor-0_2]   ✅ 完成: 600080_20230428_PCK7
2026-03-27 11:32:08,833 - [MainThread] - INFO - 📊 进度: 3/37 (8.1%) | 成功: 3 | 失败: 0 | 速度: 0.05个/秒 | 预计剩余: 624秒
2026-03-27 11:32:08,833 - [ThreadPoolExecutor-0_2] - INFO - [ThreadPoolExecutor-0_2] 处理: 600080_20240427_0WKP.pdf
2026-03-27 11:33:05,248 - [ThreadPoolExecutor-0_0] - INFO - [ThreadPoolExecutor-0_0]   📄 移动: 600080_20231028_F42E.md
2026-03-27 11:33:05,250 - [ThreadPoolExecutor-0_0] - INFO - [ThreadPoolExecutor-0_0]   📊 移动: 600080_20231028_F42E_middle.json
2026-03-27 11:33:05,251 - [ThreadPoolExecutor-0_0] - INFO - [ThreadPoolExecutor-0_0]   📊 移动: 600080_20231028_F42E_model.json
2026-03-27 11:33:05,252 - [ThreadPoolExecutor-0_0] - INFO - [ThreadPoolExecutor-0_0]   📊 移动: 600080_20231028_F42E_content_list.json
2026-03-27 11:33:05,273 - [ThreadPoolExecutor-0_0] - INFO - [ThreadPoolExecutor-0_0]   🖼️  移动图片: 15张
2026-03-27 11:33:05,274 - [ThreadPoolExecutor-0_0] - INFO - [ThreadPoolExecutor-0_0]   ✅ 完成: 600080_20231028_F42E
2026-03-27 11:33:05,275 - [ThreadPoolExecutor-0_0] - INFO - [ThreadPoolExecutor-0_0] 处理: 600080_20240427_IBMB.pdf
2026-03-27 11:34:07,176 - [ThreadPoolExecutor-0_0] - INFO - [ThreadPoolExecutor-0_0]   📄 移动: 600080_20240427_IBMB.md
2026-03-27 11:34:07,177 - [ThreadPoolExecutor-0_0] - INFO - [ThreadPoolExecutor-0_0]   📊 移动: 600080_20240427_IBMB_middle.json
2026-03-27 11:34:07,178 - [ThreadPoolExecutor-0_0] - INFO - [ThreadPoolExecutor-0_0]   📊 移动: 600080_20240427_IBMB_model.json
2026-03-27 11:34:07,179 - [ThreadPoolExecutor-0_0] - INFO - [ThreadPoolExecutor-0_0]   📊 移动: 600080_20240427_IBMB_content_list.json
2026-03-27 11:34:07,200 - [ThreadPoolExecutor-0_0] - INFO - [ThreadPoolExecutor-0_0]   🖼️  移动图片: 15张
2026-03-27 11:34:07,201 - [ThreadPoolExecutor-0_0] - INFO - [ThreadPoolExecutor-0_0]   ✅ 完成: 600080_20240427_IBMB
2026-03-27 11:34:07,202 - [ThreadPoolExecutor-0_0] - INFO - [ThreadPoolExecutor-0_0] 处理: 600080_20240427_W39O.pdf
2026-03-27 11:34:56,346 - [ThreadPoolExecutor-0_0] - INFO - [ThreadPoolExecutor-0_0]   📄 移动: 600080_20240427_W39O.md
2026-03-27 11:34:56,349 - [ThreadPoolExecutor-0_0] - INFO - [ThreadPoolExecutor-0_0]   📊 移动: 600080_20240427_W39O_middle.json
2026-03-27 11:34:56,350 - [ThreadPoolExecutor-0_0] - INFO - [ThreadPoolExecutor-0_0]   📊 移动: 600080_20240427_W39O_model.json
2026-03-27 11:34:56,351 - [ThreadPoolExecutor-0_0] - INFO - [ThreadPoolExecutor-0_0]   📊 移动: 600080_20240427_W39O_content_list.json
2026-03-27 11:34:56,359 - [ThreadPoolExecutor-0_0] - INFO - [ThreadPoolExecutor-0_0]   🖼️  移动图片: 9张
2026-03-27 11:34:56,360 - [ThreadPoolExecutor-0_0] - INFO - [ThreadPoolExecutor-0_0]   ✅ 完成: 600080_20240427_W39O
2026-03-27 11:34:56,361 - [ThreadPoolExecutor-0_0] - INFO - [ThreadPoolExecutor-0_0] 处理: 600080_20240817_5X5X.pdf
2026-03-27 11:34:56,362 - [MainThread] - INFO - 📊 进度: 6/37 (16.2%) | 成功: 6 | 失败: 0 | 速度: 0.03个/秒 | 预计剩余: 1150秒
2026-03-27 11:35:12,699 - [ThreadPoolExecutor-0_3] - INFO - [ThreadPoolExecutor-0_3]   📄 移动: 600080_20230819_U8CH.md
2026-03-27 11:35:12,721 - [ThreadPoolExecutor-0_3] - INFO - [ThreadPoolExecutor-0_3]   📊 移动: 600080_20230819_U8CH_middle.json
2026-03-27 11:35:12,725 - [ThreadPoolExecutor-0_3] - INFO - [ThreadPoolExecutor-0_3]   📊 移动: 600080_20230819_U8CH_model.json
2026-03-27 11:35:12,726 - [ThreadPoolExecutor-0_3] - INFO - [ThreadPoolExecutor-0_3]   📊 移动: 600080_20230819_U8CH_content_list.json
2026-03-27 11:35:12,831 - [ThreadPoolExecutor-0_3] - INFO - [ThreadPoolExecutor-0_3]   🖼️  移动图片: 200张
2026-03-27 11:35:12,834 - [ThreadPoolExecutor-0_3] - INFO - [ThreadPoolExecutor-0_3]   ✅ 完成: 600080_20230819_U8CH
2026-03-27 11:35:12,834 - [ThreadPoolExecutor-0_3] - INFO - [ThreadPoolExecutor-0_3] 处理: 600080_20240817_6AW9.pdf
2026-03-27 11:35:44,151 - [ThreadPoolExecutor-0_1] - INFO - [ThreadPoolExecutor-0_1]   📄 移动: 600080_20230428_MMWM.md
2026-03-27 11:35:44,178 - [ThreadPoolExecutor-0_1] - INFO - [ThreadPoolExecutor-0_1]   📊 移动: 600080_20230428_MMWM_middle.json
2026-03-27 11:35:44,182 - [ThreadPoolExecutor-0_1] - INFO - [ThreadPoolExecutor-0_1]   📊 移动: 600080_20230428_MMWM_model.json
2026-03-27 11:35:44,184 - [ThreadPoolExecutor-0_1] - INFO - [ThreadPoolExecutor-0_1]   📊 移动: 600080_20230428_MMWM_content_list.json
2026-03-27 11:35:44,324 - [ThreadPoolExecutor-0_1] - INFO - [ThreadPoolExecutor-0_1]   🖼️  移动图片: 285张
2026-03-27 11:35:44,328 - [ThreadPoolExecutor-0_1] - INFO - [ThreadPoolExecutor-0_1]   ✅ 完成: 600080_20230428_MMWM
2026-03-27 11:35:44,329 - [ThreadPoolExecutor-0_1] - INFO - [ThreadPoolExecutor-0_1] 处理: 600080_20241030_XN72.pdf
2026-03-27 11:35:57,961 - [ThreadPoolExecutor-0_3] - INFO - [ThreadPoolExecutor-0_3]   📄 移动: 600080_20240817_6AW9.md
2026-03-27 11:35:57,962 - [ThreadPoolExecutor-0_3] - INFO - [ThreadPoolExecutor-0_3]   📊 移动: 600080_20240817_6AW9_middle.json
2026-03-27 11:35:57,963 - [ThreadPoolExecutor-0_3] - INFO - [ThreadPoolExecutor-0_3]   📊 移动: 600080_20240817_6AW9_model.json
2026-03-27 11:35:57,964 - [ThreadPoolExecutor-0_3] - INFO - [ThreadPoolExecutor-0_3]   📊 移动: 600080_20240817_6AW9_content_list.json
2026-03-27 11:35:57,969 - [ThreadPoolExecutor-0_3] - INFO - [ThreadPoolExecutor-0_3]   🖼️  移动图片: 5张
2026-03-27 11:35:57,970 - [ThreadPoolExecutor-0_3] - INFO - [ThreadPoolExecutor-0_3]   ✅ 完成: 600080_20240817_6AW9
2026-03-27 11:35:57,971 - [MainThread] - INFO - 📊 进度: 9/37 (24.3%) | 成功: 9 | 失败: 0 | 速度: 0.03个/秒 | 预计剩余: 884秒
2026-03-27 11:35:57,971 - [ThreadPoolExecutor-0_3] - INFO - [ThreadPoolExecutor-0_3] 处理: 600080_20250425_6GSD.pdf
2026-03-27 11:36:40,248 - [ThreadPoolExecutor-0_1] - INFO - [ThreadPoolExecutor-0_1]   📄 移动: 600080_20241030_XN72.md
2026-03-27 11:36:40,250 - [ThreadPoolExecutor-0_1] - INFO - [ThreadPoolExecutor-0_1]   📊 移动: 600080_20241030_XN72_middle.json
2026-03-27 11:36:40,250 - [ThreadPoolExecutor-0_1] - INFO - [ThreadPoolExecutor-0_1]   📊 移动: 600080_20241030_XN72_model.json
2026-03-27 11:36:40,251 - [ThreadPoolExecutor-0_1] - INFO - [ThreadPoolExecutor-0_1]   📊 移动: 600080_20241030_XN72_content_list.json
2026-03-27 11:36:40,270 - [ThreadPoolExecutor-0_1] - INFO - [ThreadPoolExecutor-0_1]   🖼️  移动图片: 14张
2026-03-27 11:36:40,271 - [ThreadPoolExecutor-0_1] - INFO - [ThreadPoolExecutor-0_1]   ✅ 完成: 600080_20241030_XN72
2026-03-27 11:36:40,272 - [ThreadPoolExecutor-0_1] - INFO - [ThreadPoolExecutor-0_1] 处理: 600080_20250425_LXGH.pdf
2026-03-27 11:36:50,331 - [ThreadPoolExecutor-0_3] - INFO - [ThreadPoolExecutor-0_3]   📄 移动: 600080_20250425_6GSD.md
2026-03-27 11:36:50,333 - [ThreadPoolExecutor-0_3] - INFO - [ThreadPoolExecutor-0_3]   📊 移动: 600080_20250425_6GSD_middle.json
2026-03-27 11:36:50,334 - [ThreadPoolExecutor-0_3] - INFO - [ThreadPoolExecutor-0_3]   📊 移动: 600080_20250425_6GSD_model.json
2026-03-27 11:36:50,334 - [ThreadPoolExecutor-0_3] - INFO - [ThreadPoolExecutor-0_3]   📊 移动: 600080_20250425_6GSD_content_list.json
2026-03-27 11:36:50,344 - [ThreadPoolExecutor-0_3] - INFO - [ThreadPoolExecutor-0_3]   🖼️  移动图片: 16张
2026-03-27 11:36:50,345 - [ThreadPoolExecutor-0_3] - INFO - [ThreadPoolExecutor-0_3]   ✅ 完成: 600080_20250425_6GSD
2026-03-27 11:36:50,345 - [ThreadPoolExecutor-0_3] - INFO - [ThreadPoolExecutor-0_3] 处理: 600080_20250425_P7ID.pdf
2026-03-27 11:37:22,328 - [ThreadPoolExecutor-0_2] - INFO - [ThreadPoolExecutor-0_2]   📄 移动: 600080_20240427_0WKP.md
2026-03-27 11:37:22,358 - [ThreadPoolExecutor-0_2] - INFO - [ThreadPoolExecutor-0_2]   📊 移动: 600080_20240427_0WKP_middle.json
2026-03-27 11:37:22,363 - [ThreadPoolExecutor-0_2] - INFO - [ThreadPoolExecutor-0_2]   📊 移动: 600080_20240427_0WKP_model.json
2026-03-27 11:37:22,365 - [ThreadPoolExecutor-0_2] - INFO - [ThreadPoolExecutor-0_2]   📊 移动: 600080_20240427_0WKP_content_list.json
2026-03-27 11:37:22,503 - [ThreadPoolExecutor-0_2] - INFO - [ThreadPoolExecutor-0_2]   🖼️  移动图片: 291张
2026-03-27 11:37:22,506 - [ThreadPoolExecutor-0_2] - INFO - [ThreadPoolExecutor-0_2]   ✅ 完成: 600080_20240427_0WKP
2026-03-27 11:37:22,507 - [MainThread] - INFO - 📊 进度: 12/37 (32.4%) | 成功: 12 | 失败: 0 | 速度: 0.03个/秒 | 预计剩余: 768秒
2026-03-27 11:37:22,507 - [ThreadPoolExecutor-0_2] - INFO - [ThreadPoolExecutor-0_2] 处理: 600080_20250822_ABVM.pdf
2026-03-27 11:37:41,062 - [ThreadPoolExecutor-0_3] - INFO - [ThreadPoolExecutor-0_3]   📄 移动: 600080_20250425_P7ID.md
2026-03-27 11:37:41,064 - [ThreadPoolExecutor-0_3] - INFO - [ThreadPoolExecutor-0_3]   📊 移动: 600080_20250425_P7ID_middle.json
2026-03-27 11:37:41,065 - [ThreadPoolExecutor-0_3] - INFO - [ThreadPoolExecutor-0_3]   📊 移动: 600080_20250425_P7ID_model.json
2026-03-27 11:37:41,066 - [ThreadPoolExecutor-0_3] - INFO - [ThreadPoolExecutor-0_3]   📊 移动: 600080_20250425_P7ID_content_list.json
2026-03-27 11:37:41,076 - [ThreadPoolExecutor-0_3] - INFO - [ThreadPoolExecutor-0_3]   🖼️  移动图片: 12张
2026-03-27 11:37:41,077 - [ThreadPoolExecutor-0_3] - INFO - [ThreadPoolExecutor-0_3]   ✅ 完成: 600080_20250425_P7ID
2026-03-27 11:37:41,078 - [ThreadPoolExecutor-0_3] - INFO - [ThreadPoolExecutor-0_3] 处理: 600080_20250822_ODWZ.pdf
2026-03-27 11:37:50,682 - [ThreadPoolExecutor-0_0] - INFO - [ThreadPoolExecutor-0_0]   📄 移动: 600080_20240817_5X5X.md
2026-03-27 11:37:50,705 - [ThreadPoolExecutor-0_0] - INFO - [ThreadPoolExecutor-0_0]   📊 移动: 600080_20240817_5X5X_middle.json
2026-03-27 11:37:50,709 - [ThreadPoolExecutor-0_0] - INFO - [ThreadPoolExecutor-0_0]   📊 移动: 600080_20240817_5X5X_model.json
2026-03-27 11:37:50,711 - [ThreadPoolExecutor-0_0] - INFO - [ThreadPoolExecutor-0_0]   📊 移动: 600080_20240817_5X5X_content_list.json
2026-03-27 11:37:50,809 - [ThreadPoolExecutor-0_0] - INFO - [ThreadPoolExecutor-0_0]   🖼️  移动图片: 201张
2026-03-27 11:37:50,813 - [ThreadPoolExecutor-0_0] - INFO - [ThreadPoolExecutor-0_0]   ✅ 完成: 600080_20240817_5X5X
2026-03-27 11:37:50,813 - [ThreadPoolExecutor-0_0] - INFO - [ThreadPoolExecutor-0_0] 处理: 600080_20251030_IVCB.pdf
2026-03-27 11:38:08,364 - [ThreadPoolExecutor-0_2] - INFO - [ThreadPoolExecutor-0_2]   📄 移动: 600080_20250822_ABVM.md
2026-03-27 11:38:08,366 - [ThreadPoolExecutor-0_2] - INFO - [ThreadPoolExecutor-0_2]   📊 移动: 600080_20250822_ABVM_middle.json
2026-03-27 11:38:08,366 - [ThreadPoolExecutor-0_2] - INFO - [ThreadPoolExecutor-0_2]   📊 移动: 600080_20250822_ABVM_model.json
2026-03-27 11:38:08,367 - [ThreadPoolExecutor-0_2] - INFO - [ThreadPoolExecutor-0_2]   📊 移动: 600080_20250822_ABVM_content_list.json
2026-03-27 11:38:08,372 - [ThreadPoolExecutor-0_2] - INFO - [ThreadPoolExecutor-0_2]   🖼️  移动图片: 5张
2026-03-27 11:38:08,373 - [ThreadPoolExecutor-0_2] - INFO - [ThreadPoolExecutor-0_2]   ✅ 完成: 600080_20250822_ABVM
2026-03-27 11:38:08,373 - [MainThread] - INFO - 📊 进度: 15/37 (40.5%) | 成功: 15 | 失败: 0 | 速度: 0.04个/秒 | 预计剩余: 608秒
2026-03-27 11:38:08,374 - [ThreadPoolExecutor-0_2] - INFO - [ThreadPoolExecutor-0_2] 处理: 华润三九：2022年年度报告.pdf
2026-03-27 11:38:45,973 - [ThreadPoolExecutor-0_0] - INFO - [ThreadPoolExecutor-0_0]   📄 移动: 600080_20251030_IVCB.md
2026-03-27 11:38:45,974 - [ThreadPoolExecutor-0_0] - INFO - [ThreadPoolExecutor-0_0]   📊 移动: 600080_20251030_IVCB_middle.json
2026-03-27 11:38:45,975 - [ThreadPoolExecutor-0_0] - INFO - [ThreadPoolExecutor-0_0]   📊 移动: 600080_20251030_IVCB_model.json
2026-03-27 11:38:45,976 - [ThreadPoolExecutor-0_0] - INFO - [ThreadPoolExecutor-0_0]   📊 移动: 600080_20251030_IVCB_content_list.json
2026-03-27 11:38:45,996 - [ThreadPoolExecutor-0_0] - INFO - [ThreadPoolExecutor-0_0]   🖼️  移动图片: 16张
2026-03-27 11:38:45,997 - [ThreadPoolExecutor-0_0] - INFO - [ThreadPoolExecutor-0_0]   ✅ 完成: 600080_20251030_IVCB
2026-03-27 11:38:45,998 - [ThreadPoolExecutor-0_0] - INFO - [ThreadPoolExecutor-0_0] 处理: 华润三九：2022年年度报告摘要.pdf
2026-03-27 11:39:40,898 - [ThreadPoolExecutor-0_0] - INFO - [ThreadPoolExecutor-0_0]   📄 移动: 华润三九：2022年年度报告摘要.md
2026-03-27 11:39:40,900 - [ThreadPoolExecutor-0_0] - INFO - [ThreadPoolExecutor-0_0]   📊 移动: 华润三九：2022年年度报告摘要_middle.json
2026-03-27 11:39:40,901 - [ThreadPoolExecutor-0_0] - INFO - [ThreadPoolExecutor-0_0]   📊 移动: 华润三九：2022年年度报告摘要_model.json
2026-03-27 11:39:40,902 - [ThreadPoolExecutor-0_0] - INFO - [ThreadPoolExecutor-0_0]   📊 移动: 华润三九：2022年年度报告摘要_content_list.json
2026-03-27 11:39:40,909 - [ThreadPoolExecutor-0_0] - INFO - [ThreadPoolExecutor-0_0]   🖼️  移动图片: 8张
2026-03-27 11:39:40,910 - [ThreadPoolExecutor-0_0] - INFO - [ThreadPoolExecutor-0_0]   ✅ 完成: 华润三九：2022年年度报告摘要
2026-03-27 11:39:40,911 - [ThreadPoolExecutor-0_0] - INFO - [ThreadPoolExecutor-0_0] 处理: 华润三九：2023年一季度报告.pdf
2026-03-27 11:40:40,131 - [ThreadPoolExecutor-0_0] - INFO - [ThreadPoolExecutor-0_0]   📄 移动: 华润三九：2023年一季度报告.md
2026-03-27 11:40:40,133 - [ThreadPoolExecutor-0_0] - INFO - [ThreadPoolExecutor-0_0]   📊 移动: 华润三九：2023年一季度报告_middle.json
2026-03-27 11:40:40,134 - [ThreadPoolExecutor-0_0] - INFO - [ThreadPoolExecutor-0_0]   📊 移动: 华润三九：2023年一季度报告_model.json
2026-03-27 11:40:40,135 - [ThreadPoolExecutor-0_0] - INFO - [ThreadPoolExecutor-0_0]   📊 移动: 华润三九：2023年一季度报告_content_list.json
2026-03-27 11:40:40,154 - [ThreadPoolExecutor-0_0] - INFO - [ThreadPoolExecutor-0_0]   🖼️  移动图片: 14张
2026-03-27 11:40:40,156 - [ThreadPoolExecutor-0_0] - INFO - [ThreadPoolExecutor-0_0]   ✅ 完成: 华润三九：2023年一季度报告
2026-03-27 11:40:40,156 - [MainThread] - INFO - 📊 进度: 18/37 (48.6%) | 成功: 18 | 失败: 0 | 速度: 0.03个/秒 | 预计剩余: 598秒
2026-03-27 11:40:40,157 - [ThreadPoolExecutor-0_0] - INFO - [ThreadPoolExecutor-0_0] 处理: 华润三九：2023年三季度报告.pdf
2026-03-27 11:40:56,892 - [ThreadPoolExecutor-0_3] - INFO - [ThreadPoolExecutor-0_3]   📄 移动: 600080_20250822_ODWZ.md
2026-03-27 11:40:56,916 - [ThreadPoolExecutor-0_3] - INFO - [ThreadPoolExecutor-0_3]   📊 移动: 600080_20250822_ODWZ_middle.json
2026-03-27 11:40:56,920 - [ThreadPoolExecutor-0_3] - INFO - [ThreadPoolExecutor-0_3]   📊 移动: 600080_20250822_ODWZ_model.json
2026-03-27 11:40:56,922 - [ThreadPoolExecutor-0_3] - INFO - [ThreadPoolExecutor-0_3]   📊 移动: 600080_20250822_ODWZ_content_list.json
2026-03-27 11:40:57,030 - [ThreadPoolExecutor-0_3] - INFO - [ThreadPoolExecutor-0_3]   🖼️  移动图片: 220张
2026-03-27 11:40:57,032 - [ThreadPoolExecutor-0_3] - INFO - [ThreadPoolExecutor-0_3]   ✅ 完成: 600080_20250822_ODWZ
2026-03-27 11:40:57,032 - [ThreadPoolExecutor-0_3] - INFO - [ThreadPoolExecutor-0_3] 处理: 华润三九：2023年半年度报告.pdf
2026-03-27 11:40:59,336 - [ThreadPoolExecutor-0_1] - INFO - [ThreadPoolExecutor-0_1]   📄 移动: 600080_20250425_LXGH.md
2026-03-27 11:40:59,365 - [ThreadPoolExecutor-0_1] - INFO - [ThreadPoolExecutor-0_1]   📊 移动: 600080_20250425_LXGH_middle.json
2026-03-27 11:40:59,370 - [ThreadPoolExecutor-0_1] - INFO - [ThreadPoolExecutor-0_1]   📊 移动: 600080_20250425_LXGH_model.json
2026-03-27 11:40:59,372 - [ThreadPoolExecutor-0_1] - INFO - [ThreadPoolExecutor-0_1]   📊 移动: 600080_20250425_LXGH_content_list.json
2026-03-27 11:40:59,517 - [ThreadPoolExecutor-0_1] - INFO - [ThreadPoolExecutor-0_1]   🖼️  移动图片: 301张
2026-03-27 11:40:59,520 - [ThreadPoolExecutor-0_1] - INFO - [ThreadPoolExecutor-0_1]   ✅ 完成: 600080_20250425_LXGH
2026-03-27 11:40:59,520 - [ThreadPoolExecutor-0_1] - INFO - [ThreadPoolExecutor-0_1] 处理: 华润三九：2023年半年度报告摘要.pdf
2026-03-27 11:41:38,584 - [ThreadPoolExecutor-0_0] - INFO - [ThreadPoolExecutor-0_0]   📄 移动: 华润三九：2023年三季度报告.md
2026-03-27 11:41:38,586 - [ThreadPoolExecutor-0_0] - INFO - [ThreadPoolExecutor-0_0]   📊 移动: 华润三九：2023年三季度报告_middle.json
2026-03-27 11:41:38,587 - [ThreadPoolExecutor-0_0] - INFO - [ThreadPoolExecutor-0_0]   📊 移动: 华润三九：2023年三季度报告_model.json
2026-03-27 11:41:38,588 - [ThreadPoolExecutor-0_0] - INFO - [ThreadPoolExecutor-0_0]   📊 移动: 华润三九：2023年三季度报告_content_list.json
2026-03-27 11:41:38,607 - [ThreadPoolExecutor-0_0] - INFO - [ThreadPoolExecutor-0_0]   🖼️  移动图片: 15张
2026-03-27 11:41:38,609 - [ThreadPoolExecutor-0_0] - INFO - [ThreadPoolExecutor-0_0]   ✅ 完成: 华润三九：2023年三季度报告
2026-03-27 11:41:38,609 - [MainThread] - INFO - 📊 进度: 21/37 (56.8%) | 成功: 21 | 失败: 0 | 速度: 0.03个/秒 | 预计剩余: 476秒
2026-03-27 11:41:38,610 - [ThreadPoolExecutor-0_0] - INFO - [ThreadPoolExecutor-0_0] 处理: 华润三九：2023年年度报告.pdf
2026-03-27 11:41:44,220 - [ThreadPoolExecutor-0_1] - INFO - [ThreadPoolExecutor-0_1]   📄 移动: 华润三九：2023年半年度报告摘要.md
2026-03-27 11:41:44,223 - [ThreadPoolExecutor-0_1] - INFO - [ThreadPoolExecutor-0_1]   📊 移动: 华润三九：2023年半年度报告摘要_middle.json
2026-03-27 11:41:44,224 - [ThreadPoolExecutor-0_1] - INFO - [ThreadPoolExecutor-0_1]   📊 移动: 华润三九：2023年半年度报告摘要_model.json
2026-03-27 11:41:44,225 - [ThreadPoolExecutor-0_1] - INFO - [ThreadPoolExecutor-0_1]   📊 移动: 华润三九：2023年半年度报告摘要_content_list.json
2026-03-27 11:41:44,231 - [ThreadPoolExecutor-0_1] - INFO - [ThreadPoolExecutor-0_1]   🖼️  移动图片: 4张
2026-03-27 11:41:44,232 - [ThreadPoolExecutor-0_1] - INFO - [ThreadPoolExecutor-0_1]   ✅ 完成: 华润三九：2023年半年度报告摘要
2026-03-27 11:41:44,233 - [ThreadPoolExecutor-0_1] - INFO - [ThreadPoolExecutor-0_1] 处理: 华润三九：2023年年度报告摘要.pdf
2026-03-27 11:42:37,325 - [ThreadPoolExecutor-0_1] - INFO - [ThreadPoolExecutor-0_1]   📄 移动: 华润三九：2023年年度报告摘要.md
2026-03-27 11:42:37,328 - [ThreadPoolExecutor-0_1] - INFO - [ThreadPoolExecutor-0_1]   📊 移动: 华润三九：2023年年度报告摘要_middle.json
2026-03-27 11:42:37,329 - [ThreadPoolExecutor-0_1] - INFO - [ThreadPoolExecutor-0_1]   📊 移动: 华润三九：2023年年度报告摘要_model.json
2026-03-27 11:42:37,329 - [ThreadPoolExecutor-0_1] - INFO - [ThreadPoolExecutor-0_1]   📊 移动: 华润三九：2023年年度报告摘要_content_list.json
2026-03-27 11:42:37,338 - [ThreadPoolExecutor-0_1] - INFO - [ThreadPoolExecutor-0_1]   🖼️  移动图片: 9张
2026-03-27 11:42:37,340 - [ThreadPoolExecutor-0_1] - INFO - [ThreadPoolExecutor-0_1]   ✅ 完成: 华润三九：2023年年度报告摘要
2026-03-27 11:42:37,340 - [ThreadPoolExecutor-0_1] - INFO - [ThreadPoolExecutor-0_1] 处理: 华润三九：2024年一季度报告.pdf
2026-03-27 11:43:36,786 - [ThreadPoolExecutor-0_1] - INFO - [ThreadPoolExecutor-0_1]   📄 移动: 华润三九：2024年一季度报告.md
2026-03-27 11:43:36,788 - [ThreadPoolExecutor-0_1] - INFO - [ThreadPoolExecutor-0_1]   📊 移动: 华润三九：2024年一季度报告_middle.json
2026-03-27 11:43:36,789 - [ThreadPoolExecutor-0_1] - INFO - [ThreadPoolExecutor-0_1]   📊 移动: 华润三九：2024年一季度报告_model.json
2026-03-27 11:43:36,789 - [ThreadPoolExecutor-0_1] - INFO - [ThreadPoolExecutor-0_1]   📊 移动: 华润三九：2024年一季度报告_content_list.json
2026-03-27 11:43:36,801 - [ThreadPoolExecutor-0_1] - INFO - [ThreadPoolExecutor-0_1]   🖼️  移动图片: 16张
2026-03-27 11:43:36,801 - [ThreadPoolExecutor-0_1] - INFO - [ThreadPoolExecutor-0_1]   ✅ 完成: 华润三九：2024年一季度报告
2026-03-27 11:43:36,802 - [MainThread] - INFO - 📊 进度: 24/37 (64.9%) | 成功: 24 | 失败: 0 | 速度: 0.03个/秒 | 预计剩余: 402秒
2026-03-27 11:43:36,802 - [ThreadPoolExecutor-0_1] - INFO - [ThreadPoolExecutor-0_1] 处理: 华润三九：2024年三季度报告.pdf
2026-03-27 11:44:09,377 - [ThreadPoolExecutor-0_2] - INFO - [ThreadPoolExecutor-0_2]   📄 移动: 华润三九：2022年年度报告.md
2026-03-27 11:44:09,411 - [ThreadPoolExecutor-0_2] - INFO - [ThreadPoolExecutor-0_2]   📊 移动: 华润三九：2022年年度报告_middle.json
2026-03-27 11:44:09,415 - [ThreadPoolExecutor-0_2] - INFO - [ThreadPoolExecutor-0_2]   📊 移动: 华润三九：2022年年度报告_model.json
2026-03-27 11:44:09,417 - [ThreadPoolExecutor-0_2] - INFO - [ThreadPoolExecutor-0_2]   📊 移动: 华润三九：2022年年度报告_content_list.json
2026-03-27 11:44:09,561 - [ThreadPoolExecutor-0_2] - INFO - [ThreadPoolExecutor-0_2]   🖼️  移动图片: 297张
2026-03-27 11:44:09,566 - [ThreadPoolExecutor-0_2] - INFO - [ThreadPoolExecutor-0_2]   ✅ 完成: 华润三九：2022年年度报告
2026-03-27 11:44:09,567 - [ThreadPoolExecutor-0_2] - INFO - [ThreadPoolExecutor-0_2] 处理: 华润三九：2024年半年度报告.pdf
2026-03-27 11:44:33,230 - [ThreadPoolExecutor-0_1] - INFO - [ThreadPoolExecutor-0_1]   📄 移动: 华润三九：2024年三季度报告.md
2026-03-27 11:44:33,231 - [ThreadPoolExecutor-0_1] - INFO - [ThreadPoolExecutor-0_1]   📊 移动: 华润三九：2024年三季度报告_middle.json
2026-03-27 11:44:33,232 - [ThreadPoolExecutor-0_1] - INFO - [ThreadPoolExecutor-0_1]   📊 移动: 华润三九：2024年三季度报告_model.json
2026-03-27 11:44:33,232 - [ThreadPoolExecutor-0_1] - INFO - [ThreadPoolExecutor-0_1]   📊 移动: 华润三九：2024年三季度报告_content_list.json
2026-03-27 11:44:33,246 - [ThreadPoolExecutor-0_1] - INFO - [ThreadPoolExecutor-0_1]   🖼️  移动图片: 15张
2026-03-27 11:44:33,247 - [ThreadPoolExecutor-0_1] - INFO - [ThreadPoolExecutor-0_1]   ✅ 完成: 华润三九：2024年三季度报告
2026-03-27 11:44:33,248 - [ThreadPoolExecutor-0_1] - INFO - [ThreadPoolExecutor-0_1] 处理: 华润三九：2024年半年度报告摘要.pdf
2026-03-27 11:44:42,330 - [ThreadPoolExecutor-0_3] - INFO - [ThreadPoolExecutor-0_3]   📄 移动: 华润三九：2023年半年度报告.md
2026-03-27 11:44:42,350 - [ThreadPoolExecutor-0_3] - INFO - [ThreadPoolExecutor-0_3]   📊 移动: 华润三九：2023年半年度报告_middle.json
2026-03-27 11:44:42,354 - [ThreadPoolExecutor-0_3] - INFO - [ThreadPoolExecutor-0_3]   📊 移动: 华润三九：2023年半年度报告_model.json
2026-03-27 11:44:42,355 - [ThreadPoolExecutor-0_3] - INFO - [ThreadPoolExecutor-0_3]   📊 移动: 华润三九：2023年半年度报告_content_list.json
2026-03-27 11:44:42,492 - [ThreadPoolExecutor-0_3] - INFO - [ThreadPoolExecutor-0_3]   🖼️  移动图片: 258张
2026-03-27 11:44:42,496 - [ThreadPoolExecutor-0_3] - INFO - [ThreadPoolExecutor-0_3]   ✅ 完成: 华润三九：2023年半年度报告
2026-03-27 11:44:42,496 - [ThreadPoolExecutor-0_3] - INFO - [ThreadPoolExecutor-0_3] 处理: 华润三九：2024年年度报告.pdf
2026-03-27 11:44:42,497 - [MainThread] - INFO - 📊 进度: 27/37 (73.0%) | 成功: 27 | 失败: 0 | 速度: 0.03个/秒 | 预计剩余: 300秒
2026-03-27 11:45:22,131 - [ThreadPoolExecutor-0_1] - INFO - [ThreadPoolExecutor-0_1]   📄 移动: 华润三九：2024年半年度报告摘要.md
2026-03-27 11:45:22,133 - [ThreadPoolExecutor-0_1] - INFO - [ThreadPoolExecutor-0_1]   📊 移动: 华润三九：2024年半年度报告摘要_middle.json
2026-03-27 11:45:22,134 - [ThreadPoolExecutor-0_1] - INFO - [ThreadPoolExecutor-0_1]   📊 移动: 华润三九：2024年半年度报告摘要_model.json
2026-03-27 11:45:22,135 - [ThreadPoolExecutor-0_1] - INFO - [ThreadPoolExecutor-0_1]   📊 移动: 华润三九：2024年半年度报告摘要_content_list.json
2026-03-27 11:45:22,141 - [ThreadPoolExecutor-0_1] - INFO - [ThreadPoolExecutor-0_1]   🖼️  移动图片: 6张
2026-03-27 11:45:22,142 - [ThreadPoolExecutor-0_1] - INFO - [ThreadPoolExecutor-0_1]   ✅ 完成: 华润三九：2024年半年度报告摘要
2026-03-27 11:45:22,142 - [ThreadPoolExecutor-0_1] - INFO - [ThreadPoolExecutor-0_1] 处理: 华润三九：2024年年度报告摘要.pdf
2026-03-27 11:46:14,821 - [ThreadPoolExecutor-0_1] - INFO - [ThreadPoolExecutor-0_1]   📄 移动: 华润三九：2024年年度报告摘要.md
2026-03-27 11:46:14,823 - [ThreadPoolExecutor-0_1] - INFO - [ThreadPoolExecutor-0_1]   📊 移动: 华润三九：2024年年度报告摘要_middle.json
2026-03-27 11:46:14,824 - [ThreadPoolExecutor-0_1] - INFO - [ThreadPoolExecutor-0_1]   📊 移动: 华润三九：2024年年度报告摘要_model.json
2026-03-27 11:46:14,825 - [ThreadPoolExecutor-0_1] - INFO - [ThreadPoolExecutor-0_1]   📊 移动: 华润三九：2024年年度报告摘要_content_list.json
2026-03-27 11:46:14,833 - [ThreadPoolExecutor-0_1] - INFO - [ThreadPoolExecutor-0_1]   🖼️  移动图片: 6张
2026-03-27 11:46:14,834 - [ThreadPoolExecutor-0_1] - INFO - [ThreadPoolExecutor-0_1]   ✅ 完成: 华润三九：2024年年度报告摘要
2026-03-27 11:46:14,835 - [ThreadPoolExecutor-0_1] - INFO - [ThreadPoolExecutor-0_1] 处理: 华润三九：2025年一季度报告.pdf
2026-03-27 11:47:11,375 - [ThreadPoolExecutor-0_1] - INFO - [ThreadPoolExecutor-0_1]   📄 移动: 华润三九：2025年一季度报告.md
2026-03-27 11:47:11,377 - [ThreadPoolExecutor-0_1] - INFO - [ThreadPoolExecutor-0_1]   📊 移动: 华润三九：2025年一季度报告_middle.json
2026-03-27 11:47:11,378 - [ThreadPoolExecutor-0_1] - INFO - [ThreadPoolExecutor-0_1]   📊 移动: 华润三九：2025年一季度报告_model.json
2026-03-27 11:47:11,379 - [ThreadPoolExecutor-0_1] - INFO - [ThreadPoolExecutor-0_1]   📊 移动: 华润三九：2025年一季度报告_content_list.json
2026-03-27 11:47:11,396 - [ThreadPoolExecutor-0_1] - INFO - [ThreadPoolExecutor-0_1]   🖼️  移动图片: 14张
2026-03-27 11:47:11,398 - [ThreadPoolExecutor-0_1] - INFO - [ThreadPoolExecutor-0_1]   ✅ 完成: 华润三九：2025年一季度报告
2026-03-27 11:47:11,399 - [ThreadPoolExecutor-0_1] - INFO - [ThreadPoolExecutor-0_1] 处理: 华润三九：2025年三季度报告.pdf
2026-03-27 11:47:11,399 - [MainThread] - INFO - 📊 进度: 30/37 (81.1%) | 成功: 30 | 失败: 0 | 速度: 0.03个/秒 | 预计剩余: 223秒
2026-03-27 11:47:22,835 - [ThreadPoolExecutor-0_0] - INFO - [ThreadPoolExecutor-0_0]   📄 移动: 华润三九：2023年年度报告.md
2026-03-27 11:47:22,863 - [ThreadPoolExecutor-0_0] - INFO - [ThreadPoolExecutor-0_0]   📊 移动: 华润三九：2023年年度报告_middle.json
2026-03-27 11:47:22,867 - [ThreadPoolExecutor-0_0] - INFO - [ThreadPoolExecutor-0_0]   📊 移动: 华润三九：2023年年度报告_model.json
2026-03-27 11:47:22,870 - [ThreadPoolExecutor-0_0] - INFO - [ThreadPoolExecutor-0_0]   📊 移动: 华润三九：2023年年度报告_content_list.json
2026-03-27 11:47:23,090 - [ThreadPoolExecutor-0_0] - INFO - [ThreadPoolExecutor-0_0]   🖼️  移动图片: 454张
2026-03-27 11:47:23,097 - [ThreadPoolExecutor-0_0] - INFO - [ThreadPoolExecutor-0_0]   ✅ 完成: 华润三九：2023年年度报告
2026-03-27 11:47:23,098 - [ThreadPoolExecutor-0_0] - INFO - [ThreadPoolExecutor-0_0] 处理: 华润三九：2025年半年度报告.pdf
2026-03-27 11:48:07,327 - [ThreadPoolExecutor-0_1] - INFO - [ThreadPoolExecutor-0_1]   📄 移动: 华润三九：2025年三季度报告.md
2026-03-27 11:48:07,328 - [ThreadPoolExecutor-0_1] - INFO - [ThreadPoolExecutor-0_1]   📊 移动: 华润三九：2025年三季度报告_middle.json
2026-03-27 11:48:07,329 - [ThreadPoolExecutor-0_1] - INFO - [ThreadPoolExecutor-0_1]   📊 移动: 华润三九：2025年三季度报告_model.json
2026-03-27 11:48:07,330 - [ThreadPoolExecutor-0_1] - INFO - [ThreadPoolExecutor-0_1]   📊 移动: 华润三九：2025年三季度报告_content_list.json
2026-03-27 11:48:07,351 - [ThreadPoolExecutor-0_1] - INFO - [ThreadPoolExecutor-0_1]   🖼️  移动图片: 15张
2026-03-27 11:48:07,353 - [ThreadPoolExecutor-0_1] - INFO - [ThreadPoolExecutor-0_1]   ✅ 完成: 华润三九：2025年三季度报告
2026-03-27 11:48:07,354 - [ThreadPoolExecutor-0_1] - INFO - [ThreadPoolExecutor-0_1] 处理: 华润三九：2025年半年度报告摘要.pdf
2026-03-27 11:48:41,514 - [ThreadPoolExecutor-0_2] - INFO - [ThreadPoolExecutor-0_2]   📄 移动: 华润三九：2024年半年度报告.md
2026-03-27 11:48:41,538 - [ThreadPoolExecutor-0_2] - INFO - [ThreadPoolExecutor-0_2]   📊 移动: 华润三九：2024年半年度报告_middle.json
2026-03-27 11:48:41,541 - [ThreadPoolExecutor-0_2] - INFO - [ThreadPoolExecutor-0_2]   📊 移动: 华润三九：2024年半年度报告_model.json
2026-03-27 11:48:41,543 - [ThreadPoolExecutor-0_2] - INFO - [ThreadPoolExecutor-0_2]   📊 移动: 华润三九：2024年半年度报告_content_list.json
2026-03-27 11:48:41,697 - [ThreadPoolExecutor-0_2] - INFO - [ThreadPoolExecutor-0_2]   🖼️  移动图片: 282张
2026-03-27 11:48:41,702 - [ThreadPoolExecutor-0_2] - INFO - [ThreadPoolExecutor-0_2]   ✅ 完成: 华润三九：2024年半年度报告
2026-03-27 11:48:41,702 - [ThreadPoolExecutor-0_2] - INFO - [ThreadPoolExecutor-0_2] 处理: 华润三九：2023年半年度报告-checkpoint.pdf
2026-03-27 11:48:41,702 - [MainThread] - INFO - 📊 进度: 33/37 (89.2%) | 成功: 33 | 失败: 0 | 速度: 0.03个/秒 | 预计剩余: 127秒
2026-03-27 11:48:55,280 - [ThreadPoolExecutor-0_1] - INFO - [ThreadPoolExecutor-0_1]   📄 移动: 华润三九：2025年半年度报告摘要.md
2026-03-27 11:48:55,282 - [ThreadPoolExecutor-0_1] - INFO - [ThreadPoolExecutor-0_1]   📊 移动: 华润三九：2025年半年度报告摘要_middle.json
2026-03-27 11:48:55,283 - [ThreadPoolExecutor-0_1] - INFO - [ThreadPoolExecutor-0_1]   📊 移动: 华润三九：2025年半年度报告摘要_model.json
2026-03-27 11:48:55,284 - [ThreadPoolExecutor-0_1] - INFO - [ThreadPoolExecutor-0_1]   📊 移动: 华润三九：2025年半年度报告摘要_content_list.json
2026-03-27 11:48:55,290 - [ThreadPoolExecutor-0_1] - INFO - [ThreadPoolExecutor-0_1]   🖼️  移动图片: 4张
2026-03-27 11:48:55,291 - [ThreadPoolExecutor-0_1] - INFO - [ThreadPoolExecutor-0_1]   ✅ 完成: 华润三九：2025年半年度报告摘要
2026-03-27 11:50:33,162 - [ThreadPoolExecutor-0_3] - INFO - [ThreadPoolExecutor-0_3]   📄 移动: 华润三九：2024年年度报告.md
2026-03-27 11:50:33,178 - [ThreadPoolExecutor-0_3] - INFO - [ThreadPoolExecutor-0_3]   📊 移动: 华润三九：2024年年度报告_middle.json
2026-03-27 11:50:33,181 - [ThreadPoolExecutor-0_3] - INFO - [ThreadPoolExecutor-0_3]   📊 移动: 华润三九：2024年年度报告_model.json
2026-03-27 11:50:33,182 - [ThreadPoolExecutor-0_3] - INFO - [ThreadPoolExecutor-0_3]   📊 移动: 华润三九：2024年年度报告_content_list.json
2026-03-27 11:50:33,409 - [ThreadPoolExecutor-0_3] - INFO - [ThreadPoolExecutor-0_3]   🖼️  移动图片: 458张
2026-03-27 11:50:33,415 - [ThreadPoolExecutor-0_3] - INFO - [ThreadPoolExecutor-0_3]   ✅ 完成: 华润三九：2024年年度报告
2026-03-27 11:52:23,780 - [ThreadPoolExecutor-0_0] - INFO - [ThreadPoolExecutor-0_0]   📄 移动: 华润三九：2025年半年度报告.md
2026-03-27 11:52:23,804 - [ThreadPoolExecutor-0_0] - INFO - [ThreadPoolExecutor-0_0]   📊 移动: 华润三九：2025年半年度报告_middle.json
2026-03-27 11:52:23,808 - [ThreadPoolExecutor-0_0] - INFO - [ThreadPoolExecutor-0_0]   📊 移动: 华润三九：2025年半年度报告_model.json
2026-03-27 11:52:23,810 - [ThreadPoolExecutor-0_0] - INFO - [ThreadPoolExecutor-0_0]   📊 移动: 华润三九：2025年半年度报告_content_list.json
2026-03-27 11:52:23,988 - [ThreadPoolExecutor-0_0] - INFO - [ThreadPoolExecutor-0_0]   🖼️  移动图片: 336张
2026-03-27 11:52:23,995 - [ThreadPoolExecutor-0_0] - INFO - [ThreadPoolExecutor-0_0]   ✅ 完成: 华润三九：2025年半年度报告
2026-03-27 11:52:23,995 - [MainThread] - INFO - 📊 进度: 36/37 (97.3%) | 成功: 36 | 失败: 0 | 速度: 0.03个/秒 | 预计剩余: 35秒
2026-03-27 11:52:26,021 - [ThreadPoolExecutor-0_2] - INFO - [ThreadPoolExecutor-0_2]   📄 移动: 华润三九：2023年半年度报告-checkpoint.md
2026-03-27 11:52:26,040 - [ThreadPoolExecutor-0_2] - INFO - [ThreadPoolExecutor-0_2]   📊 移动: 华润三九：2023年半年度报告-checkpoint_middle.json
2026-03-27 11:52:26,044 - [ThreadPoolExecutor-0_2] - INFO - [ThreadPoolExecutor-0_2]   📊 移动: 华润三九：2023年半年度报告-checkpoint_model.json
2026-03-27 11:52:26,045 - [ThreadPoolExecutor-0_2] - INFO - [ThreadPoolExecutor-0_2]   📊 移动: 华润三九：2023年半年度报告-checkpoint_content_list.json
2026-03-27 11:52:26,193 - [ThreadPoolExecutor-0_2] - INFO - [ThreadPoolExecutor-0_2]   🖼️  移动图片: 258张
2026-03-27 11:52:26,198 - [ThreadPoolExecutor-0_2] - INFO - [ThreadPoolExecutor-0_2]   ✅ 完成: 华润三九：2023年半年度报告-checkpoint
2026-03-27 11:52:26,198 - [MainThread] - INFO - 📊 进度: 37/37 (100.0%) | 成功: 37 | 失败: 0 | 速度: 0.03个/秒 | 预计剩余: 0秒
2026-03-27 11:52:26,199 - [MainThread] - INFO - 
============================================================
2026-03-27 11:52:26,200 - [MainThread] - INFO - ✅ 全部处理完成！
2026-03-27 11:52:26,200 - [MainThread] - INFO - 📊 统计:
2026-03-27 11:52:26,200 - [MainThread] - INFO -    总文件: 37
2026-03-27 11:52:26,200 - [MainThread] - INFO -    成功: 37
2026-03-27 11:52:26,200 - [MainThread] - INFO -    失败: 0
2026-03-27 11:52:26,200 - [MainThread] - INFO -    成功率: 100.0%
2026-03-27 11:52:26,200 - [MainThread] - INFO -    用时: 0小时21分钟12秒
2026-03-27 11:52:26,201 - [MainThread] - INFO - 📁 结果目录: /root/autodl-tmp/TAIDIBEI_B/parsed_results
2026-03-27 11:52:26,201 - [MainThread] - INFO - 📄 日志文件: /root/autodl-tmp/TAIDIBEI_B/logs/processing_20260327_113113.log
2026-03-27 11:52:26,201 - [MainThread] - INFO - ============================================================
